Component: ARM Compiler 6.13.1 Tool: armlink [5d895400]

==============================================================================

Section Cross References

    main.o(.text.main) refers to sec_sys.o(.text.SEC_Sys_Init) for SEC_Sys_Init
    main.o(.text.main) refers to sec_sys.o(.text.SEC_Sys_Run) for SEC_Sys_Run
    main.o(.ARM.exidx.text.main) refers to main.o(.text.main) for [Anonymous Symbol]
    sec_ask.o(.text) refers (Special) to _printf_c.o(.ARM.Collect$$_printf_percent$$00000013) for _printf_c
    sec_ask.o(.text) refers (Special) to _printf_d.o(.ARM.Collect$$_printf_percent$$00000009) for _printf_d
    sec_ask.o(.text) refers (Special) to _printf_f.o(.ARM.Collect$$_printf_percent$$00000003) for _printf_f
    sec_ask.o(.text) refers (Special) to printf1.o(x$fpl$printf1) for _printf_fp_dec
    sec_ask.o(.text) refers (Special) to _printf_i.o(.ARM.Collect$$_printf_percent$$00000008) for _printf_i
    sec_ask.o(.text) refers (Special) to _printf_dec.o(.text) for _printf_int_dec
    sec_ask.o(.text) refers (Special) to _printf_lc.o(.ARM.Collect$$_printf_percent$$00000015) for _printf_lc
    sec_ask.o(.text) refers (Special) to _printf_hex_int.o(.text) for _printf_longlong_hex
    sec_ask.o(.text) refers (Special) to _printf_oct_int.o(.text) for _printf_longlong_oct
    sec_ask.o(.text) refers (Special) to _printf_o.o(.ARM.Collect$$_printf_percent$$0000000B) for _printf_o
    sec_ask.o(.text) refers (Special) to _printf_percent.o(.ARM.Collect$$_printf_percent$$00000000) for _printf_percent
    sec_ask.o(.text) refers (Special) to _printf_pad.o(.text) for _printf_pre_padding
    sec_ask.o(.text) refers (Special) to _printf_str.o(.text) for _printf_str
    sec_ask.o(.text) refers (Special) to _printf_truncate.o(.text) for _printf_truncate_signed
    sec_ask.o(.text) refers (Special) to _printf_u.o(.ARM.Collect$$_printf_percent$$0000000A) for _printf_u
    sec_ask.o(.text) refers (Special) to _printf_wctomb.o(.text) for _printf_wctomb
    sec_ask.o(.text) refers (Special) to _printf_x.o(.ARM.Collect$$_printf_percent$$0000000C) for _printf_x
    sec_ask.o(.text.SEC_create_frame_asksensor) refers (Special) to _printf_c.o(.ARM.Collect$$_printf_percent$$00000013) for _printf_c
    sec_ask.o(.text.SEC_create_frame_asksensor) refers (Special) to _printf_d.o(.ARM.Collect$$_printf_percent$$00000009) for _printf_d
    sec_ask.o(.text.SEC_create_frame_asksensor) refers (Special) to _printf_f.o(.ARM.Collect$$_printf_percent$$00000003) for _printf_f
    sec_ask.o(.text.SEC_create_frame_asksensor) refers (Special) to printf1.o(x$fpl$printf1) for _printf_fp_dec
    sec_ask.o(.text.SEC_create_frame_asksensor) refers (Special) to _printf_i.o(.ARM.Collect$$_printf_percent$$00000008) for _printf_i
    sec_ask.o(.text.SEC_create_frame_asksensor) refers (Special) to _printf_dec.o(.text) for _printf_int_dec
    sec_ask.o(.text.SEC_create_frame_asksensor) refers (Special) to _printf_lc.o(.ARM.Collect$$_printf_percent$$00000015) for _printf_lc
    sec_ask.o(.text.SEC_create_frame_asksensor) refers (Special) to _printf_hex_int.o(.text) for _printf_longlong_hex
    sec_ask.o(.text.SEC_create_frame_asksensor) refers (Special) to _printf_oct_int.o(.text) for _printf_longlong_oct
    sec_ask.o(.text.SEC_create_frame_asksensor) refers (Special) to _printf_o.o(.ARM.Collect$$_printf_percent$$0000000B) for _printf_o
    sec_ask.o(.text.SEC_create_frame_asksensor) refers (Special) to _printf_percent.o(.ARM.Collect$$_printf_percent$$00000000) for _printf_percent
    sec_ask.o(.text.SEC_create_frame_asksensor) refers (Special) to _printf_pad.o(.text) for _printf_pre_padding
    sec_ask.o(.text.SEC_create_frame_asksensor) refers (Special) to _printf_str.o(.text) for _printf_str
    sec_ask.o(.text.SEC_create_frame_asksensor) refers (Special) to _printf_truncate.o(.text) for _printf_truncate_signed
    sec_ask.o(.text.SEC_create_frame_asksensor) refers (Special) to _printf_u.o(.ARM.Collect$$_printf_percent$$0000000A) for _printf_u
    sec_ask.o(.text.SEC_create_frame_asksensor) refers (Special) to _printf_wctomb.o(.text) for _printf_wctomb
    sec_ask.o(.text.SEC_create_frame_asksensor) refers (Special) to _printf_x.o(.ARM.Collect$$_printf_percent$$0000000C) for _printf_x
    sec_ask.o(.text.SEC_create_frame_asksensor) refers to sec_message.o(.text.SEC_Message_Create_Frame) for SEC_Message_Create_Frame
    sec_ask.o(.text.SEC_create_frame_asksensor) refers to sec_uart.o(.text.SEC_Uart2_SendByte) for SEC_Uart2_SendByte
    sec_ask.o(.ARM.exidx.text.SEC_create_frame_asksensor) refers (Special) to _printf_c.o(.ARM.Collect$$_printf_percent$$00000013) for _printf_c
    sec_ask.o(.ARM.exidx.text.SEC_create_frame_asksensor) refers (Special) to _printf_d.o(.ARM.Collect$$_printf_percent$$00000009) for _printf_d
    sec_ask.o(.ARM.exidx.text.SEC_create_frame_asksensor) refers (Special) to _printf_f.o(.ARM.Collect$$_printf_percent$$00000003) for _printf_f
[...]
    ../clib/printf_percent.s                 0x00000000   Number         0  _printf_percent.o ABSOLUTE
    ../clib/printf_percent.s                 0x00000000   Number         0  _printf_lc.o ABSOLUTE
    ../clib/printf_percent.s                 0x00000000   Number         0  _printf_percent_end.o ABSOLUTE
    ../clib/printf_percent.s                 0x00000000   Number         0  _printf_l.o ABSOLUTE
    ../clib/signal.c                         0x00000000   Number         0  defsig_rtmem_outer.o ABSOLUTE
    ../clib/signal.c                         0x00000000   Number         0  defsig_rtmem_formal.o ABSOLUTE
    ../clib/signal.c                         0x00000000   Number         0  defsig_exit.o ABSOLUTE
    ../clib/signal.c                         0x00000000   Number         0  defsig_rtmem_inner.o ABSOLUTE
    ../clib/signal.c                         0x00000000   Number         0  __raise.o ABSOLUTE
    ../clib/signal.c                         0x00000000   Number         0  defsig_general.o ABSOLUTE
    ../clib/signal.c                         0x00000000   Number         0  defsig_abrt_inner.o ABSOLUTE
    ../clib/signal.c                         0x00000000   Number         0  defsig_fpe_inner.o ABSOLUTE
    ../clib/signal.c                         0x00000000   Number         0  defsig_rtred_inner.o ABSOLUTE
    ../clib/signal.c                         0x00000000   Number         0  defsig_stak_inner.o ABSOLUTE
    ../clib/signal.c                         0x00000000   Number         0  defsig_pvfn_inner.o ABSOLUTE
    ../clib/signal.c                         0x00000000   Number         0  defsig_cppl_inner.o ABSOLUTE
    ../clib/signal.c                         0x00000000   Number         0  defsig_segv_inner.o ABSOLUTE
    ../clib/signal.c                         0x00000000   Number         0  defsig_other.o ABSOLUTE
    ../clib/signal.s                         0x00000000   Number         0  defsig.o ABSOLUTE
    ../clib/stdio.c                          0x00000000   Number         0  putchar.o ABSOLUTE
    ../clib/stdio.c                          0x00000000   Number         0  puts.o ABSOLUTE
    ../clib/stdio.c                          0x00000000   Number         0  ferror.o ABSOLUTE
    ../clib/stdio.c                          0x00000000   Number         0  ferror_locked.o ABSOLUTE
    ../clib/stdlib.c                         0x00000000   Number         0  exit.o ABSOLUTE
    ../clib/string.c                         0x00000000   Number         0  strstr.o ABSOLUTE
    ../fplib/d2f.s                           0x00000000   Number         0  d2f.o ABSOLUTE
    ../fplib/daddsub.s                       0x00000000   Number         0  daddsub_clz.o ABSOLUTE
    ../fplib/dcheck1.s                       0x00000000   Number         0  dcheck1.o ABSOLUTE
    ../fplib/dcmpi.s                         0x00000000   Number         0  dcmpi.o ABSOLUTE
    ../fplib/ddiv.s                          0x00000000   Number         0  ddiv.o ABSOLUTE
    ../fplib/dflt.s                          0x00000000   Number         0  dflt_clz.o ABSOLUTE
    ../fplib/dleqf.s                         0x00000000   Number         0  dleqf.o ABSOLUTE
    ../fplib/dmul.s                          0x00000000   Number         0  dmul.o ABSOLUTE
    ../fplib/dnaninf.s                       0x00000000   Number         0  dnaninf.o ABSOLUTE
    ../fplib/dretinf.s                       0x00000000   Number         0  dretinf.o ABSOLUTE
    ../fplib/drleqf.s                        0x00000000   Number         0  drleqf.o ABSOLUTE
    ../fplib/dsqrt.s                         0x00000000   Number         0  dsqrt_noumaal.o ABSOLUTE
    ../fplib/f2d.s                           0x00000000   Number         0  f2d.o ABSOLUTE
    ../fplib/faddsub.s                       0x00000000   Number         0  faddsub_clz.o ABSOLUTE
    ../fplib/fcmp.s                          0x00000000   Number         0  fcmp.o ABSOLUTE
    ../fplib/fcmpi.s                         0x00000000   Number         0  fcmpi.o ABSOLUTE
    ../fplib/fdiv.s                          0x00000000   Number         0  fdiv.o ABSOLUTE
    ../fplib/feqf.s                          0x00000000   Number         0  feqf.o ABSOLUTE
    ../fplib/ffix.s                          0x00000000   Number         0  ffix.o ABSOLUTE
    ../fplib/fflt.s                          0x00000000   Number         0  fflt_clz.o ABSOLUTE
    ../fplib/fgeqf.s                         0x00000000   Number         0  fgeqf.o ABSOLUTE
    ../fplib/fleqf.s                         0x00000000   Number         0  fleqf.o ABSOLUTE
    ../fplib/fmul.s                          0x00000000   Number         0  fmul.o ABSOLUTE
    ../fplib/fnaninf.s                       0x00000000   Number         0  fnaninf.o ABSOLUTE
    ../fplib/fpinit.s                        0x00000000   Number         0  fpinit.o ABSOLUTE
    ../fplib/fpinit_empty.s                  0x00000000   Number         0  fpinit_empty.o ABSOLUTE
    ../fplib/fretinf.s                       0x00000000   Number         0  fretinf.o ABSOLUTE
    ../fplib/istatus.s                       0x00000000   Number         0  istatus.o ABSOLUTE
    ../fplib/printf1.s                       0x00000000   Number         0  printf1.o ABSOLUTE
    ../fplib/retnan.s                        0x00000000   Number         0  retnan.o ABSOLUTE
    ../fplib/scalbn.s                        0x00000000   Number         0  scalbn.o ABSOLUTE
    ../fplib/trapv.s                         0x00000000   Number         0  trapv.o ABSOLUTE
    ../fplib/usenofp.s                       0x00000000   Number         0  usenofp.o ABSOLUTE
    ../mathlib/dunder.c                      0x00000000   Number         0  dunder.o ABSOLUTE
    ../mathlib/fpclassify.c                  0x00000000   Number         0  fpclassify.o ABSOLUTE
    ../mathlib/poly.c                        0x00000000   Number         0  poly.o ABSOLUTE
    ../mathlib/pow.c                         0x00000000   Number         0  pow.o ABSOLUTE
    ../mathlib/pow.c                         0x00000000   Number         0  pow_x.o ABSOLUTE
    ../mathlib/qnan.c                        0x00000000   Number         0  qnan.o ABSOLUTE
    ../mathlib/sqrt.c                        0x00000000   Number         0  sqrt.o ABSOLUTE
    ../mathlib/sqrt.c                        0x00000000   Number         0  sqrt_x.o ABSOLUTE
    RTE\Device\STM32F103C8\startup_stm32f10x_md.s 0x00000000   Number         0  startup_stm32f10x_md.o ABSOLUTE
    dc.s                                     0x00000000   Number         0  dc.o ABSOLUTE
    main.c                                   0x00000000   Number         0  main.o ABSOLUTE
    misc.c                                   0x00000000   Number         0  misc.o ABSOLUTE
    sec_ask.c                                0x00000000   Number         0  sec_ask.o ABSOLUTE
    sec_convert.c                            0x00000000   Number         0  sec_convert.o ABSOLUTE
    sec_delay.c                              0x00000000   Number         0  sec_delay.o ABSOLUTE
    sec_fsm.c                                0x00000000   Number         0  sec_fsm.o ABSOLUTE
    sec_gpio.c                               0x00000000   Number         0  sec_gpio.o ABSOLUTE
    sec_log.c                                0x00000000   Number         0  sec_log.o ABSOLUTE
    sec_message.c                            0x00000000   Number         0  sec_message.o ABSOLUTE
    sec_split_time.c                         0x00000000   Number         0  sec_split_time.o ABSOLUTE
    sec_sys.c                                0x00000000   Number         0  sec_sys.o ABSOLUTE
    sec_uart.c                               0x00000000   Number         0  sec_uart.o ABSOLUTE
    stm32f10x_gpio.c                         0x00000000   Number         0  stm32f10x_gpio.o ABSOLUTE
    stm32f10x_rcc.c                          0x00000000   Number         0  stm32f10x_rcc.o ABSOLUTE
    stm32f10x_tim.c                          0x00000000   Number         0  stm32f10x_tim.o ABSOLUTE
    stm32f10x_usart.c                        0x00000000   Number         0  stm32f10x_usart.o ABSOLUTE
    system_stm32f10x.c                       0x00000000   Number         0  system_stm32f10x.o ABSOLUTE
    RESET                                    0x08000000   Section      236  startup_stm32f10x_md.o(RESET)
    !!!main                                  0x080000ec   Section        8  __main.o(!!!main)
    !!!scatter                               0x080000f4   Section       52  __scatter.o(!!!scatter)
    !!handler_copy                           0x08000128   Section       26  __scatter_copy.o(!!handler_copy)
    !!handler_zi                             0x08000144   Section       28  __scatter_zi.o(!!handler_zi)
    .ARM.Collect$$_printf_percent$$00000000  0x08000160   Section        0  _printf_percent.o(.ARM.Collect$$_printf_percent$$00000000)
    .ARM.Collect$$_printf_percent$$00000003  0x08000160   Section        6  _printf_f.o(.ARM.Collect$$_printf_percent$$00000003)
    .ARM.Collect$$_printf_percent$$00000008  0x08000166   Section        6  _printf_i.o(.ARM.Collect$$_printf_percent$$00000008)
    .ARM.Collect$$_printf_percent$$00000009  0x0800016c   Section        6  _printf_d.o(.ARM.Collect$$_printf_percent$$00000009)
    .ARM.Collect$$_printf_percent$$0000000A  0x08000172   Section        6  _printf_u.o(.ARM.Collect$$_printf_percent$$0000000A)
    .ARM.Collect$$_printf_percent$$0000000B  0x08000178   Section        6  _printf_o.o(.ARM.Collect$$_printf_percent$$0000000B)
    .ARM.Collect$$_printf_percent$$0000000C  0x0800017e   Section        6  _printf_x.o(.ARM.Collect$$_printf_percent$$0000000C)
    .ARM.Collect$$_printf_percent$$00000012  0x08000184   Section       10  _printf_l.o(.ARM.Collect$$_printf_percent$$00000012)
    .ARM.Collect$$_printf_percent$$00000013  0x0800018e   Section        6  _printf_c.o(.ARM.Collect$$_printf_percent$$00000013)
    .ARM.Collect$$_printf_percent$$00000014  0x08000194   Section        6  _printf_s.o(.ARM.Collect$$_printf_percent$$00000014)
    .ARM.Collect$$_printf_percent$$00000015  0x0800019a   Section        6  _printf_lc.o(.ARM.Collect$$_printf_percent$$00000015)
    .ARM.Collect$$_printf_percent$$00000017  0x080001a0   Section        4  _printf_percent_end.o(.ARM.Collect$$_printf_percent$$00000017)
    .ARM.Collect$$libinit$$00000000          0x080001a4   Section        2  libinit.o(.ARM.Collect$$libinit$$00000000)
    .ARM.Collect$$libinit$$00000002          0x080001a6   Section        0  libinit2.o(.ARM.Collect$$libinit$$00000002)
    .ARM.Collect$$libinit$$00000004          0x080001a6   Section        0  libinit2.o(.ARM.Collect$$libinit$$00000004)
    .ARM.Collect$$libinit$$0000000A          0x080001a6   Section        0  libinit2.o(.ARM.Collect$$libinit$$0000000A)
    .ARM.Collect$$libinit$$0000000C          0x080001a6   Section        0  libinit2.o(.ARM.Collect$$libinit$$0000000C)
    .ARM.Collect$$libinit$$0000000E          0x080001a6   Section        0  libinit2.o(.ARM.Collect$$libinit$$0000000E)
    .ARM.Collect$$libinit$$0000000F          0x080001a6   Section        6  libinit2.o(.ARM.Collect$$libinit$$0000000F)
    .ARM.Collect$$libinit$$00000011          0x080001ac   Section        0  libinit2.o(.ARM.Collect$$libinit$$00000011)
    .ARM.Collect$$libinit$$00000012          0x080001ac   Section       12  libinit2.o(.ARM.Collect$$libinit$$00000012)
    .ARM.Collect$$libinit$$00000013          0x080001b8   Section        0  libinit2.o(.ARM.Collect$$libinit$$00000013)
    .ARM.Collect$$libinit$$00000015          0x080001b8   Section        0  libinit2.o(.ARM.Collect$$libinit$$00000015)
    .ARM.Collect$$libinit$$00000016          0x080001b8   Section       10  libinit2.o(.ARM.Collect$$libinit$$00000016)
    .ARM.Collect$$libinit$$00000017          0x080001c2   Section        0  libinit2.o(.ARM.Collect$$libinit$$00000017)
    .ARM.Collect$$libinit$$00000019          0x080001c2   Section        0  libinit2.o(.ARM.Collect$$libinit$$00000019)
    .ARM.Collect$$libinit$$0000001B          0x080001c2   Section        0  libinit2.o(.ARM.Collect$$libinit$$0000001B)
    .ARM.Collect$$libinit$$0000001D          0x080001c2   Section        0  libinit2.o(.ARM.Collect$$libinit$$0000001D)
    .ARM.Collect$$libinit$$0000001F          0x080001c2   Section        0  libinit2.o(.ARM.Collect$$libinit$$0000001F)
    .ARM.Collect$$libinit$$00000021          0x080001c2   Section        0  libinit2.o(.ARM.Collect$$libinit$$00000021)
    .ARM.Collect$$libinit$$00000023          0x080001c2   Section        0  libinit2.o(.ARM.Collect$$libinit$$00000023)
    .ARM.Collect$$libinit$$00000025          0x080001c2   Section        0  libinit2.o(.ARM.Collect$$libinit$$00000025)
    .ARM.Collect$$libinit$$0000002C          0x080001c2   Section        0  libinit2.o(.ARM.Collect$$libinit$$0000002C)
    .ARM.Collect$$libinit$$0000002E          0x080001c2   Section        0  libinit2.o(.ARM.Collect$$libinit$$0000002E)
    .ARM.Collect$$libinit$$00000030          0x080001c2   Section        0  libinit2.o(.ARM.Collect$$libinit$$00000030)
    .ARM.Collect$$libinit$$00000032          0x080001c2   Section        0  libinit2.o(.ARM.Collect$$libinit$$00000032)
    .ARM.Collect$$libinit$$00000033          0x080001c2   Section        2  libinit2.o(.ARM.Collect$$libinit$$00000033)
    .ARM.Collect$$libshutdown$$00000000      0x080001c4   Section        2  libshutdown.o(.ARM.Collect$$libshutdown$$00000000)
    .ARM.Collect$$libshutdown$$00000002      0x080001c6   Section        0  libshutdown2.o(.ARM.Collect$$libshutdown$$00000002)
    .ARM.Collect$$libshutdown$$00000004      0x080001c6   Section        0  libshutdown2.o(.ARM.Collect$$libshutdown$$00000004)
    .ARM.Collect$$libshutdown$$00000007      0x080001c6   Section        0  libshutdown2.o(.ARM.Collect$$libshutdown$$00000007)
    .ARM.Collect$$libshutdown$$0000000A      0x080001c6   Section        0  libshutdown2.o(.ARM.Collect$$libshutdown$$0000000A)
    .ARM.Collect$$libshutdown$$0000000C      0x080001c6   Section        0  libshutdown2.o(.ARM.Collect$$libshutdown$$0000000C)
    .ARM.Collect$$libshutdown$$0000000F      0x080001c6   Section        0  libshutdown2.o(.ARM.Collect$$libshutdown$$0000000F)
    .ARM.Collect$$libshutdown$$00000010      0x080001c6   Section        2  libshutdown2.o(.ARM.Collect$$libshutdown$$00000010)
    .ARM.Collect$$rtentry$$00000000          0x080001c8   Section        0  __rtentry.o(.ARM.Collect$$rtentry$$00000000)
    .ARM.Collect$$rtentry$$00000002          0x080001c8   Section        0  __rtentry2.o(.ARM.Collect$$rtentry$$00000002)
    .ARM.Collect$$rtentry$$00000004          0x080001c8   Section        6  __rtentry4.o(.ARM.Collect$$rtentry$$00000004)
    .ARM.Collect$$rtentry$$00000009          0x080001ce   Section        0  __rtentry2.o(.ARM.Collect$$rtentry$$00000009)
    .ARM.Collect$$rtentry$$0000000A          0x080001ce   Section        4  __rtentry2.o(.ARM.Collect$$rtentry$$0000000A)
    .ARM.Collect$$rtentry$$0000000C          0x080001d2   Section        0  __rtentry2.o(.ARM.Collect$$rtentry$$0000000C)
    .ARM.Collect$$rtentry$$0000000D          0x080001d2   Section        8  __rtentry2.o(.ARM.Collect$$rtentry$$0000000D)
    .ARM.Collect$$rtexit$$00000000           0x080001da   Section        2  rtexit.o(.ARM.Collect$$rtexit$$00000000)
    .ARM.Collect$$rtexit$$00000002           0x080001dc   Section        0  rtexit2.o(.ARM.Collect$$rtexit$$00000002)
    .ARM.Collect$$rtexit$$00000003           0x080001dc   Section        4  rtexit2.o(.ARM.Collect$$rtexit$$00000003)
    .ARM.Collect$$rtexit$$00000004           0x080001e0   Section        6  rtexit2.o(.ARM.Collect$$rtexit$$00000004)
    .text                                    0x080001e8   Section       64  startup_stm32f10x_md.o(.text)
    .text                                    0x08000228   Section        0  noretval__2printf.o(.text)
    .text                                    0x08000240   Section        0  _printf_pad.o(.text)
    .text                                    0x0800028e   Section        0  _printf_truncate.o(.text)
    .text                                    0x080002b2   Section        0  _printf_str.o(.text)
    .text                                    0x08000304   Section        0  _printf_dec.o(.text)
    .text                                    0x0800037c   Section        0  _printf_wctomb.o(.text)
    .text                                    0x08000438   Section        0  _printf_oct_int.o(.text)
    .text                                    0x0800048c   Section        0  _printf_hex_int.o(.text)
    .text                                    0x080004e4   Section        0  __printf_flags_ss_wp.o(.text)
    .text                                    0x0800066c   Section        0  putchar.o(.text)
    .text                                    0x08000678   Section        0  puts.o(.text)
    .text                                    0x080006a4   Section        0  heapauxi.o(.text)
    .text                                    0x080006aa   Section        0  _printf_intcommon.o(.text)
    _fp_digits                               0x0800075d   Thumb Code   432  _printf_fp_dec.o(.text)
    .text                                    0x0800075c   Section        0  _printf_fp_dec.o(.text)
    .text                                    0x08000b78   Section        0  _printf_char.o(.text)
    .text                                    0x08000ba4   Section        0  _printf_char_file.o(.text)
    .text                                    0x08000bc8   Section        0  _printf_wchar.o(.text)
    .text                                    0x08000bf4   Section        0  _c16rtomb.o(.text)
    .text                                    0x08000c3c   Section       16  rt_ctype_table.o(.text)
    .text                                    0x08000c4c   Section        8  rt_locale_intlibspace.o(.text)
    .text                                    0x08000c54   Section      138  lludiv10.o(.text)
    _printf_input_char                       0x08000ce1   Thumb Code    10  _printf_char_common.o(.text)
    .text                                    0x08000ce0   Section        0  _printf_char_common.o(.text)
    .text                                    0x08000d10   Section        0  _printf_fp_infnan.o(.text)
    .text                                    0x08000d90   Section        0  bigflt0.o(.text)
    .text                                    0x08000e74   Section        0  ferror.o(.text)
    .text                                    0x08000e7c   Section        8  libspace.o(.text)
    .text                                    0x08000e84   Section       74  sys_stackheap_outer.o(.text)
    .text                                    0x08000ece   Section        0  exit.o(.text)
    .text                                    0x08000ee0   Section      128  strcmpv7m.o(.text)
    .text                                    0x08000f60   Section        0  sys_exit.o(.text)
    .text                                    0x08000f6c   Section        2  use_no_semi.o(.text)
    .text                                    0x08000f6e   Section        0  indicate_semi.o(.text)
    [Anonymous Symbol]                       0x08000f70   Section        0  sec_message.o(.text.CheckSum)
    [Anonymous Symbol]                       0x08000fa8   Section        0  sec_fsm.o(.text.Fsm_Receive_Message)
    [Anonymous Symbol]                       0x080010ec   Section        0  sec_gpio.o(.text.GET_GPIO_PORT_Init)
    [Anonymous Symbol]                       0x08001128   Section        0  stm32f10x_gpio.o(.text.GPIO_Init)
    [Anonymous Symbol]                       0x080011d8   Section        0  stm32f10x_gpio.o(.text.GPIO_PinRemapConfig)
    [Anonymous Symbol]                       0x08001248   Section        0  stm32f10x_gpio.o(.text.GPIO_ReadInputDataBit)
    [Anonymous Symbol]                       0x08001254   Section        0  stm32f10x_gpio.o(.text.GPIO_ResetBits)
    [Anonymous Symbol]                       0x08001258   Section        0  stm32f10x_gpio.o(.text.GPIO_SetBits)
    [Anonymous Symbol]                       0x0800125c   Section        0  sec_ask.o(.text.Print_Data_Detect)
    [Anonymous Symbol]                       0x080013f4   Section        0  stm32f10x_rcc.o(.text.RCC_APB2PeriphClockCmd)
    [Anonymous Symbol]                       0x0800140c   Section        0  sec_fsm.o(.text.SEC_Clear_TimeOut_Fsm)
    [Anonymous Symbol]                       0x08001430   Section        0  sec_delay.o(.text.SEC_DELAY_Init)
    [Anonymous Symbol]                       0x08001460   Section        0  sec_delay.o(.text.SEC_DELAY_ms)
    [Anonymous Symbol]                       0x08001494   Section        0  sec_split_time.o(.text.SEC_Data_Port)
    [Anonymous Symbol]                       0x08001518   Section        0  sec_message.o(.text.SEC_Data_Sensor)
    [Anonymous Symbol]                       0x08001548   Section        0  sec_gpio.o(.text.SEC_GPIO_Init)
    [Anonymous Symbol]                       0x0800155c   Section        0  sec_gpio.o(.text.SEC_GPIO_Set_OFF)
    [Anonymous Symbol]                       0x080015d8   Section        0  sec_gpio.o(.text.SEC_GPIO_Set_ON)
    [Anonymous Symbol]                       0x08001654   Section        0  sec_split_time.o(.text.SEC_Join_Port)
    [Anonymous Symbol]                       0x080016d8   Section        0  sec_message.o(.text.SEC_Message_Create_Frame)
    sensor_list_arr                          0x0800176c   Number         0  sec_message.o(.text.SEC_Message_Create_Frame)
    length_sensor_arr                        0x08001774   Number         0  sec_message.o(.text.SEC_Message_Create_Frame)
    [Anonymous Symbol]                       0x0800177c   Section        0  sec_message.o(.text.SEC_Message_Detect_Frame)
    [Anonymous Symbol]                       0x08001840   Section        0  sec_split_time.o(.text.SEC_Read_status_port)
    [Anonymous Symbol]                       0x080018b4   Section        0  sec_split_time.o(.text.SEC_Split_frame_time)
    [Anonymous Symbol]                       0x080019fc   Section        0  sec_sys.o(.text.SEC_Sys_Init)
    [Anonymous Symbol]                       0x08001a1c   Section        0  sec_sys.o(.text.SEC_Sys_Run)
    [Anonymous Symbol]                       0x08001a48   Section        0  sec_fsm.o(.text.SEC_TimeOut_Fsm)
    [Anonymous Symbol]                       0x08001a80   Section        0  sec_uart.o(.text.SEC_Uart1_SendChar)
    [Anonymous Symbol]                       0x08001a94   Section        0  sec_uart.o(.text.SEC_Uart2_SendByte)
    [Anonymous Symbol]                       0x08001ae4   Section        0  sec_uart.o(.text.SEC_Uart_Init1)
    [Anonymous Symbol]                       0x08001b40   Section        0  sec_uart.o(.text.SEC_Uart_Init2)
    [Anonymous Symbol]                       0x08001ba8   Section        0  sec_ask.o(.text.SEC_create_frame_askdata)
    [Anonymous Symbol]                       0x08001bdc   Section        0  sec_ask.o(.text.SEC_create_frame_asksensor)
    [Anonymous Symbol]                       0x08001c10   Section        0  sec_gpio.o(.text.SET_GPIO_PORT_Init)
    [Anonymous Symbol]                       0x08001c6c   Section        0  sec_uart.o(.text.SET_GPIO_PORT_RS485_Init)
    [Anonymous Symbol]                       0x08001c9c   Section        0  sec_log.o(.text.Sec_Clear_Frame_Message)
    [Anonymous Symbol]                       0x08001cb0   Section        0  sec_convert.o(.text.Sec_Convert_From_Bytes_To_Float)
    [Anonymous Symbol]                       0x08001cc0   Section        0  sec_convert.o(.text.Sec_Convert_From_Bytes_To_Uint16)
    SetSysClock                              0x08001cc9   Thumb Code     4  system_stm32f10x.o(.text.SetSysClock)
    [Anonymous Symbol]                       0x08001cc8   Section        0  system_stm32f10x.o(.text.SetSysClock)
    SetSysClockTo72                          0x08001ccd   Thumb Code   190  system_stm32f10x.o(.text.SetSysClockTo72)
    [Anonymous Symbol]                       0x08001ccc   Section        0  system_stm32f10x.o(.text.SetSysClockTo72)
    [Anonymous Symbol]                       0x08001d8c   Section        0  system_stm32f10x.o(.text.SystemInit)
    [Anonymous Symbol]                       0x08001de4   Section        0  sec_uart.o(.text.USART1_IRQHandler)
    [Anonymous Symbol]                       0x08001e10   Section        0  sec_uart.o(.text.USART2_IRQHandler)
    [Anonymous Symbol]                       0x08001e38   Section        0  sec_uart.o(.text.USART3_IRQHandler)
    [Anonymous Symbol]                       0x08001e88   Section        0  stm32f10x_usart.o(.text.USART_ClearITPendingBit)
    [Anonymous Symbol]                       0x08001e98   Section        0  stm32f10x_usart.o(.text.USART_ReceiveData)
    __NVIC_EnableIRQ                         0x08001ea1   Thumb Code    32  sec_uart.o(.text.__NVIC_EnableIRQ)
    [Anonymous Symbol]                       0x08001ea0   Section        0  sec_uart.o(.text.__NVIC_EnableIRQ)
    [Anonymous Symbol]                       0x08001ec0   Section        0  sec_uart.o(.text.fputc)
    [Anonymous Symbol]                       0x08001ed0   Section        0  main.o(.text.main)
    CL$$btod_d2e                             0x08001eda   Section       62  btod.o(CL$$btod_d2e)
    CL$$btod_d2e_denorm_low                  0x08001f18   Section       70  btod.o(CL$$btod_d2e_denorm_low)
    CL$$btod_d2e_norm_op1                    0x08001f5e   Section       96  btod.o(CL$$btod_d2e_norm_op1)
    CL$$btod_div_common                      0x08001fbe   Section      824  btod.o(CL$$btod_div_common)
    CL$$btod_e2e                             0x080022f6   Section      220  btod.o(CL$$btod_e2e)
    CL$$btod_ediv                            0x080023d2   Section       42  btod.o(CL$$btod_ediv)
    CL$$btod_emul                            0x080023fc   Section       42  btod.o(CL$$btod_emul)
    CL$$btod_mult_common                     0x08002426   Section      580  btod.o(CL$$btod_mult_common)
    i.__ARM_fpclassify                       0x0800266a   Section        0  fpclassify.o(i.__ARM_fpclassify)
    i._is_digit                              0x08002692   Section        0  __printf_wp.o(i._is_digit)
    locale$$code                             0x080026a0   Section       44  lc_numeric_c.o(locale$$code)
    locale$$code                             0x080026cc   Section       44  lc_ctype_c.o(locale$$code)
    x$fpl$dretinf                            0x080026f8   Section       12  dretinf.o(x$fpl$dretinf)
    x$fpl$f2d                                0x08002704   Section       86  f2d.o(x$fpl$f2d)
    x$fpl$fnaninf                            0x0800275a   Section      140  fnaninf.o(x$fpl$fnaninf)
    x$fpl$printf1                            0x080027e6   Section        4  printf1.o(x$fpl$printf1)
    x$fpl$usenofp                            0x080027ea   Section        0  usenofp.o(x$fpl$usenofp)
    initial_mbstate                          0x080027ec   Data           8  _printf_wctomb.o(.constdata)
    .constdata                               0x080027ec   Section        8  _printf_wctomb.o(.constdata)
    uc_hextab                                0x080027f4   Data          20  _printf_hex_int.o(.constdata)
    .constdata                               0x080027f4   Section       40  _printf_hex_int.o(.constdata)
    lc_hextab                                0x08002808   Data          20  _printf_hex_int.o(.constdata)
    maptable                                 0x0800281c   Data          17  __printf_flags_ss_wp.o(.constdata)
    .constdata                               0x0800281c   Section       17  __printf_flags_ss_wp.o(.constdata)
    tenpwrs_x                                0x08002830   Data          60  bigflt0.o(.constdata)
    .constdata                               0x08002830   Section      148  bigflt0.o(.constdata)
    tenpwrs_i                                0x0800286c   Data          64  bigflt0.o(.constdata)
    .L.str.11                                0x080028c4   Data          24  sec_ask.o(.rodata.str1.1)
    [Anonymous Symbol]                       0x080028c4   Section        0  sec_ask.o(.rodata.str1.1)
    .L.str.8                                 0x080028dc   Data          24  sec_ask.o(.rodata.str1.1)
    locale$$data                             0x08002914   Section       28  lc_numeric_c.o(locale$$data)
    __lcnum_c_name                           0x08002918   Data           2  lc_numeric_c.o(locale$$data)
    __lcnum_c_start                          0x08002920   Data           0  lc_numeric_c.o(locale$$data)
    __lcnum_c_point                          0x0800292c   Data           0  lc_numeric_c.o(locale$$data)
    __lcnum_c_thousands                      0x0800292e   Data           0  lc_numeric_c.o(locale$$data)
    __lcnum_c_grouping                       0x0800292f   Data           0  lc_numeric_c.o(locale$$data)
    __lcnum_c_end                            0x08002930   Data           0  lc_numeric_c.o(locale$$data)
    locale$$data                             0x08002930   Section      272  lc_ctype_c.o(locale$$data)
    __lcctype_c_name                         0x08002934   Data           2  lc_ctype_c.o(locale$$data)
    __lcctype_c_start                        0x0800293c   Data           0  lc_ctype_c.o(locale$$data)
    __lcctype_c_end                          0x08002a40   Data           0  lc_ctype_c.o(locale$$data)
    count_port                               0x20000034   Data           1  sec_split_time.o(.data.count_port)
    [Anonymous Symbol]                       0x20000034   Section        0  sec_split_time.o(.data.count_port)
    .bss                                     0x20000038   Section       96  libspace.o(.bss)
    Flag_TimeOut_Fsm                         0x200000ff   Data           1  sec_fsm.o(.bss.Flag_TimeOut_Fsm)
    [Anonymous Symbol]                       0x200000ff   Section        0  sec_fsm.o(.bss.Flag_TimeOut_Fsm)
    TimeOut_Fsm                              0x20000100   Data           2  sec_fsm.o(.bss.TimeOut_Fsm)
    [Anonymous Symbol]                       0x20000100   Section        0  sec_fsm.o(.bss.TimeOut_Fsm)
    arr_status_new                           0x20000158   Data          10  sec_split_time.o(.bss.arr_status_new)
    [Anonymous Symbol]                       0x20000158   Section        0  sec_split_time.o(.bss.arr_status_new)
    arr_status_old                           0x20000162   Data          10  sec_split_time.o(.bss.arr_status_old)
    [Anonymous Symbol]                       0x20000162   Section        0  sec_split_time.o(.bss.arr_status_old)
    arr_status_standard                      0x2000016c   Data          10  sec_split_time.o(.bss.arr_status_standard)
    [Anonymous Symbol]                       0x2000016c   Section        0  sec_split_time.o(.bss.arr_status_standard)
    count_timeout                            0x20000178   Data           1  sec_split_time.o(.bss.count_timeout)
    [Anonymous Symbol]                       0x20000178   Section        0  sec_split_time.o(.bss.count_timeout)
    fac_ms                                   0x20000192   Data           2  sec_delay.o(.bss.fac_ms)
    [Anonymous Symbol]                       0x20000192   Section        0  sec_delay.o(.bss.fac_ms)
    fac_us                                   0x20000194   Data           1  sec_delay.o(.bss.fac_us)
    [Anonymous Symbol]                       0x20000194   Section        0  sec_delay.o(.bss.fac_us)
    flag_change_status                       0x20000195   Data          10  sec_split_time.o(.bss.flag_change_status)
    [Anonymous Symbol]                       0x20000195   Section        0  sec_split_time.o(.bss.flag_change_status)
    Heap_Mem                                 0x200001e0   Data         512  startup_stm32f10x_md.o(HEAP)
    HEAP                                     0x200001e0   Section      512  startup_stm32f10x_md.o(HEAP)
    Stack_Mem                                0x200003e0   Data        1024  startup_stm32f10x_md.o(STACK)
    STACK                                    0x200003e0   Section     1024  startup_stm32f10x_md.o(STACK)
    __initial_sp                             0x200007e0   Data           0  startup_stm32f10x_md.o(STACK)

    Global Symbols

    Symbol Name                              Value     Ov Type        Size  Object(Section)

    BuildAttributes$$THM_ISAv4$P$D$K$B$S$PE$A:L22UL41UL21$X:L11$S22US41US21$IEEE1$IW$~IW$USESV6$~STKCKD$USESV7$~SHL$OTIME$ROPI$IEEEX$EBA8$UX$STANDARDLIB$REQ8$PRES8$EABIv2 0x00000000   Number         0  anon$$obj.o ABSOLUTE
    __fp_init_empty                          0x00000000   Number         0  fpinit_empty.o ABSOLUTE
    _printf_flags                            0x00000000   Number         0  printf_stubs.o ABSOLUTE
    _printf_return_value                     0x00000000   Number         0  printf_stubs.o ABSOLUTE
    _printf_sizespec                         0x00000000   Number         0  printf_stubs.o ABSOLUTE
    _printf_widthprec                        0x00000000   Number         0  printf_stubs.o ABSOLUTE
    __ARM_exceptions_init                     - Undefined Weak Reference
    __alloca_initialize                       - Undefined Weak Reference
    __arm_preinit_                            - Undefined Weak Reference
    __cpp_initialize__aeabi_                  - Undefined Weak Reference
    __cxa_finalize                            - Undefined Weak Reference
    __sigvec_lookup                           - Undefined Weak Reference
    _atexit_init                              - Undefined Weak Reference
    _call_atexit_fns                          - Undefined Weak Reference
    _clock_init                               - Undefined Weak Reference
    _fp_trap_init                             - Undefined Weak Reference
    _fp_trap_shutdown                         - Undefined Weak Reference
    _get_lc_collate                           - Undefined Weak Reference
    _get_lc_monetary                          - Undefined Weak Reference
    _get_lc_time                              - Undefined Weak Reference
    _getenv_init                              - Undefined Weak Reference
    _handle_redirection                       - Undefined Weak Reference
    _init_alloc                               - Undefined Weak Reference
    _init_user_alloc                          - Undefined Weak Reference
    _initio                                   - Undefined Weak Reference
    _mutex_acquire                            - Undefined Weak Reference
    _mutex_release                            - Undefined Weak Reference
    _printf_mbtowc                            - Undefined Weak Reference
    _printf_wc                                - Undefined Weak Reference
    _rand_init                                - Undefined Weak Reference
    _signal_finish                            - Undefined Weak Reference
    _signal_init                              - Undefined Weak Reference
    _terminate_alloc                          - Undefined Weak Reference
    _terminate_user_alloc                     - Undefined Weak Reference
    _terminateio                              - Undefined Weak Reference
    __Vectors_Size                           0x000000ec   Number         0  startup_stm32f10x_md.o ABSOLUTE
    __Vectors                                0x08000000   Data           4  startup_stm32f10x_md.o(RESET)
    __Vectors_End                            0x080000ec   Data           0  startup_stm32f10x_md.o(RESET)
    __main                                   0x080000ed   Thumb Code     8  __main.o(!!!main)
    __scatterload                            0x080000f5   Thumb Code     0  __scatter.o(!!!scatter)
    __scatterload_rt2                        0x080000f5   Thumb Code    44  __scatter.o(!!!scatter)
    __scatterload_rt2_thumb_only             0x080000f5   Thumb Code     0  __scatter.o(!!!scatter)
    __scatterload_null                       0x08000103   Thumb Code     0  __scatter.o(!!!scatter)
    __scatterload_copy                       0x08000129   Thumb Code    26  __scatter_copy.o(!!handler_copy)
    __scatterload_zeroinit                   0x08000145   Thumb Code    28  __scatter_zi.o(!!handler_zi)
    _printf_f                                0x08000161   Thumb Code     0  _printf_f.o(.ARM.Collect$$_printf_percent$$00000003)
    _printf_percent                          0x08000161   Thumb Code     0  _printf_percent.o(.ARM.Collect$$_printf_percent$$00000000)
    _printf_i                                0x08000167   Thumb Code     0  _printf_i.o(.ARM.Collect$$_printf_percent$$00000008)
    _printf_d                                0x0800016d   Thumb Code     0  _printf_d.o(.ARM.Collect$$_printf_percent$$00000009)
    _printf_u                                0x08000173   Thumb Code     0  _printf_u.o(.ARM.Collect$$_printf_percent$$0000000A)
    _printf_o                                0x08000179   Thumb Code     0  _printf_o.o(.ARM.Collect$$_printf_percent$$0000000B)
    _printf_x                                0x0800017f   Thumb Code     0  _printf_x.o(.ARM.Collect$$_printf_percent$$0000000C)
    _printf_l                                0x08000185   Thumb Code     0  _printf_l.o(.ARM.Collect$$_printf_percent$$00000012)
    _printf_c                                0x0800018f   Thumb Code     0  _printf_c.o(.ARM.Collect$$_printf_percent$$00000013)
    _printf_s                                0x08000195   Thumb Code     0  _printf_s.o(.ARM.Collect$$_printf_percent$$00000014)
    _printf_lc                               0x0800019b   Thumb Code     0  _printf_lc.o(.ARM.Collect$$_printf_percent$$00000015)
    _printf_percent_end                      0x080001a1   Thumb Code     0  _printf_percent_end.o(.ARM.Collect$$_printf_percent$$00000017)
    __rt_lib_init                            0x080001a5   Thumb Code     0  libinit.o(.ARM.Collect$$libinit$$00000000)
    __rt_lib_init_fp_1                       0x080001a7   Thumb Code     0  libinit2.o(.ARM.Collect$$libinit$$00000002)
    __rt_lib_init_heap_1                     0x080001a7   Thumb Code     0  libinit2.o(.ARM.Collect$$libinit$$0000000A)
    __rt_lib_init_lc_common                  0x080001a7   Thumb Code     0  libinit2.o(.ARM.Collect$$libinit$$0000000F)
    __rt_lib_init_preinit_1                  0x080001a7   Thumb Code     0  libinit2.o(.ARM.Collect$$libinit$$00000004)
    __rt_lib_init_rand_1                     0x080001a7   Thumb Code     0  libinit2.o(.ARM.Collect$$libinit$$0000000E)
    __rt_lib_init_user_alloc_1               0x080001a7   Thumb Code     0  libinit2.o(.ARM.Collect$$libinit$$0000000C)
    __rt_lib_init_lc_collate_1               0x080001ad   Thumb Code     0  libinit2.o(.ARM.Collect$$libinit$$00000011)
    __rt_lib_init_lc_ctype_2                 0x080001ad   Thumb Code     0  libinit2.o(.ARM.Collect$$libinit$$00000012)
    __rt_lib_init_lc_ctype_1                 0x080001b9   Thumb Code     0  libinit2.o(.ARM.Collect$$libinit$$00000013)
    __rt_lib_init_lc_monetary_1              0x080001b9   Thumb Code     0  libinit2.o(.ARM.Collect$$libinit$$00000015)
    __rt_lib_init_lc_numeric_2               0x080001b9   Thumb Code     0  libinit2.o(.ARM.Collect$$libinit$$00000016)
    __rt_lib_init_alloca_1                   0x080001c3   Thumb Code     0  libinit2.o(.ARM.Collect$$libinit$$0000002E)
    __rt_lib_init_argv_1                     0x080001c3   Thumb Code     0  libinit2.o(.ARM.Collect$$libinit$$0000002C)
    __rt_lib_init_atexit_1                   0x080001c3   Thumb Code     0  libinit2.o(.ARM.Collect$$libinit$$0000001B)
    __rt_lib_init_clock_1                    0x080001c3   Thumb Code     0  libinit2.o(.ARM.Collect$$libinit$$00000021)
    __rt_lib_init_cpp_1                      0x080001c3   Thumb Code     0  libinit2.o(.ARM.Collect$$libinit$$00000032)
    __rt_lib_init_exceptions_1               0x080001c3   Thumb Code     0  libinit2.o(.ARM.Collect$$libinit$$00000030)
    __rt_lib_init_fp_trap_1                  0x080001c3   Thumb Code     0  libinit2.o(.ARM.Collect$$libinit$$0000001F)
    __rt_lib_init_getenv_1                   0x080001c3   Thumb Code     0  libinit2.o(.ARM.Collect$$libinit$$00000023)
    __rt_lib_init_lc_numeric_1               0x080001c3   Thumb Code     0  libinit2.o(.ARM.Collect$$libinit$$00000017)
    __rt_lib_init_lc_time_1                  0x080001c3   Thumb Code     0  libinit2.o(.ARM.Collect$$libinit$$00000019)
    __rt_lib_init_return                     0x080001c3   Thumb Code     0  libinit2.o(.ARM.Collect$$libinit$$00000033)
    __rt_lib_init_signal_1                   0x080001c3   Thumb Code     0  libinit2.o(.ARM.Collect$$libinit$$0000001D)
    __rt_lib_init_stdio_1                    0x080001c3   Thumb Code     0  libinit2.o(.ARM.Collect$$libinit$$00000025)
    __rt_lib_shutdown                        0x080001c5   Thumb Code     0  libshutdown.o(.ARM.Collect$$libshutdown$$00000000)
    __rt_lib_shutdown_cpp_1                  0x080001c7   Thumb Code     0  libshutdown2.o(.ARM.Collect$$libshutdown$$00000002)
    __rt_lib_shutdown_fp_trap_1              0x080001c7   Thumb Code     0  libshutdown2.o(.ARM.Collect$$libshutdown$$00000007)
    __rt_lib_shutdown_heap_1                 0x080001c7   Thumb Code     0  libshutdown2.o(.ARM.Collect$$libshutdown$$0000000F)
    __rt_lib_shutdown_return                 0x080001c7   Thumb Code     0  libshutdown2.o(.ARM.Collect$$libshutdown$$00000010)
    __rt_lib_shutdown_signal_1               0x080001c7   Thumb Code     0  libshutdown2.o(.ARM.Collect$$libshutdown$$0000000A)
    __rt_lib_shutdown_stdio_1                0x080001c7   Thumb Code     0  libshutdown2.o(.ARM.Collect$$libshutdown$$00000004)
    __rt_lib_shutdown_user_alloc_1           0x080001c7   Thumb Code     0  libshutdown2.o(.ARM.Collect$$libshutdown$$0000000C)
    __rt_entry                               0x080001c9   Thumb Code     0  __rtentry.o(.ARM.Collect$$rtentry$$00000000)
    __rt_entry_presh_1                       0x080001c9   Thumb Code     0  __rtentry2.o(.ARM.Collect$$rtentry$$00000002)
    __rt_entry_sh                            0x080001c9   Thumb Code     0  __rtentry4.o(.ARM.Collect$$rtentry$$00000004)
    __rt_entry_li                            0x080001cf   Thumb Code     0  __rtentry2.o(.ARM.Collect$$rtentry$$0000000A)
    __rt_entry_postsh_1                      0x080001cf   Thumb Code     0  __rtentry2.o(.ARM.Collect$$rtentry$$00000009)
    __rt_entry_main                          0x080001d3   Thumb Code     0  __rtentry2.o(.ARM.Collect$$rtentry$$0000000D)
    __rt_entry_postli_1                      0x080001d3   Thumb Code     0  __rtentry2.o(.ARM.Collect$$rtentry$$0000000C)
    __rt_exit                                0x080001db   Thumb Code     0  rtexit.o(.ARM.Collect$$rtexit$$00000000)
    __rt_exit_ls                             0x080001dd   Thumb Code     0  rtexit2.o(.ARM.Collect$$rtexit$$00000003)
    __rt_exit_prels_1                        0x080001dd   Thumb Code     0  rtexit2.o(.ARM.Collect$$rtexit$$00000002)
    __rt_exit_exit                           0x080001e1   Thumb Code     0  rtexit2.o(.ARM.Collect$$rtexit$$00000004)
    Reset_Handler                            0x080001e9   Thumb Code     8  startup_stm32f10x_md.o(.text)
    NMI_Handler                              0x080001f1   Thumb Code     2  startup_stm32f10x_md.o(.text)
    HardFault_Handler                        0x080001f3   Thumb Code     2  startup_stm32f10x_md.o(.text)
    MemManage_Handler                        0x080001f5   Thumb Code     2  startup_stm32f10x_md.o(.text)
    BusFault_Handler                         0x080001f7   Thumb Code     2  startup_stm32f10x_md.o(.text)
    UsageFault_Handler                       0x080001f9   Thumb Code     2  startup_stm32f10x_md.o(.text)
    SVC_Handler                              0x080001fb   Thumb Code     2  startup_stm32f10x_md.o(.text)
    DebugMon_Handler                         0x080001fd   Thumb Code     2  startup_stm32f10x_md.o(.text)
    PendSV_Handler                           0x080001ff   Thumb Code     2  startup_stm32f10x_md.o(.text)
    SysTick_Handler                          0x08000201   Thumb Code     2  startup_stm32f10x_md.o(.text)
    ADC1_2_IRQHandler                        0x08000203   Thumb Code     0  startup_stm32f10x_md.o(.text)
    CAN1_RX1_IRQHandler                      0x08000203   Thumb Code     0  startup_stm32f10x_md.o(.text)
    CAN1_SCE_IRQHandler                      0x08000203   Thumb Code     0  startup_stm32f10x_md.o(.text)
    DMA1_Channel1_IRQHandler                 0x08000203   Thumb Code     0  startup_stm32f10x_md.o(.text)
    DMA1_Channel2_IRQHandler                 0x08000203   Thumb Code     0  startup_stm32f10x_md.o(.text)
    DMA1_Channel3_IRQHandler                 0x08000203   Thumb Code     0  startup_stm32f10x_md.o(.text)
    DMA1_Channel4_IRQHandler                 0x08000203   Thumb Code     0  startup_stm32f10x_md.o(.text)
    DMA1_Channel5_IRQHandler                 0x08000203   Thumb Code     0  startup_stm32f10x_md.o(.text)
    DMA1_Channel6_IRQHandler                 0x08000203   Thumb Code     0  startup_stm32f10x_md.o(.text)
    DMA1_Channel7_IRQHandler                 0x08000203   Thumb Code     0  startup_stm32f10x_md.o(.text)
    EXTI0_IRQHandler                         0x08000203   Thumb Code     0  startup_stm32f10x_md.o(.text)
    EXTI15_10_IRQHandler                     0x08000203   Thumb Code     0  startup_stm32f10x_md.o(.text)
    EXTI1_IRQHandler                         0x08000203   Thumb Code     0  startup_stm32f10x_md.o(.text)
    EXTI2_IRQHandler                         0x08000203   Thumb Code     0  startup_stm32f10x_md.o(.text)
    EXTI3_IRQHandler                         0x08000203   Thumb Code     0  startup_stm32f10x_md.o(.text)
    EXTI4_IRQHandler                         0x08000203   Thumb Code     0  startup_stm32f10x_md.o(.text)
    EXTI9_5_IRQHandler                       0x08000203   Thumb Code     0  startup_stm32f10x_md.o(.text)
    FLASH_IRQHandler                         0x08000203   Thumb Code     0  startup_stm32f10x_md.o(.text)
    I2C1_ER_IRQHandler                       0x08000203   Thumb Code     0  startup_stm32f10x_md.o(.text)
    I2C1_EV_IRQHandler                       0x08000203   Thumb Code     0  startup_stm32f10x_md.o(.text)
    I2C2_ER_IRQHandler                       0x08000203   Thumb Code     0  startup_stm32f10x_md.o(.text)
    I2C2_EV_IRQHandler                       0x08000203   Thumb Code     0  startup_stm32f10x_md.o(.text)
    PVD_IRQHandler                           0x08000203   Thumb Code     0  startup_stm32f10x_md.o(.text)
    RCC_IRQHandler                           0x08000203   Thumb Code     0  startup_stm32f10x_md.o(.text)
    RTCAlarm_IRQHandler                      0x08000203   Thumb Code     0  startup_stm32f10x_md.o(.text)
    RTC_IRQHandler                           0x08000203   Thumb Code     0  startup_stm32f10x_md.o(.text)
    SPI1_IRQHandler                          0x08000203   Thumb Code     0  startup_stm32f10x_md.o(.text)
    SPI2_IRQHandler                          0x08000203   Thumb Code     0  startup_stm32f10x_md.o(.text)
    TAMPER_IRQHandler                        0x08000203   Thumb Code     0  startup_stm32f10x_md.o(.text)
    TIM1_BRK_IRQHandler                      0x08000203   Thumb Code     0  startup_stm32f10x_md.o(.text)
    TIM1_CC_IRQHandler                       0x08000203   Thumb Code     0  startup_stm32f10x_md.o(.text)
    TIM1_TRG_COM_IRQHandler                  0x08000203   Thumb Code     0  startup_stm32f10x_md.o(.text)
    TIM1_UP_IRQHandler                       0x08000203   Thumb Code     0  startup_stm32f10x_md.o(.text)
    TIM2_IRQHandler                          0x08000203   Thumb Code     0  startup_stm32f10x_md.o(.text)
    TIM3_IRQHandler                          0x08000203   Thumb Code     0  startup_stm32f10x_md.o(.text)
    TIM4_IRQHandler                          0x08000203   Thumb Code     0  startup_stm32f10x_md.o(.text)
    USBWakeUp_IRQHandler                     0x08000203   Thumb Code     0  startup_stm32f10x_md.o(.text)
    USB_HP_CAN1_TX_IRQHandler                0x08000203   Thumb Code     0  startup_stm32f10x_md.o(.text)
    USB_LP_CAN1_RX0_IRQHandler               0x08000203   Thumb Code     0  startup_stm32f10x_md.o(.text)
    WWDG_IRQHandler                          0x08000203   Thumb Code     0  startup_stm32f10x_md.o(.text)
    __user_initial_stackheap                 0x08000205   Thumb Code     0  startup_stm32f10x_md.o(.text)
    __2printf                                0x08000229   Thumb Code    20  noretval__2printf.o(.text)
    _printf_pre_padding                      0x08000241   Thumb Code    44  _printf_pad.o(.text)
    _printf_post_padding                     0x0800026d   Thumb Code    34  _printf_pad.o(.text)
    _printf_truncate_signed                  0x0800028f   Thumb Code    18  _printf_truncate.o(.text)
    _printf_truncate_unsigned                0x080002a1   Thumb Code    18  _printf_truncate.o(.text)
    _printf_str                              0x080002b3   Thumb Code    82  _printf_str.o(.text)
    _printf_int_dec                          0x08000305   Thumb Code   104  _printf_dec.o(.text)
    _printf_wctomb                           0x0800037d   Thumb Code   182  _printf_wctomb.o(.text)
    _printf_int_oct                          0x08000439   Thumb Code    74  _printf_oct_int.o(.text)
    _printf_longlong_oct                     0x08000439   Thumb Code     0  _printf_oct_int.o(.text)
    _printf_int_hex                          0x0800048d   Thumb Code    84  _printf_hex_int.o(.text)
    _printf_longlong_hex                     0x0800048d   Thumb Code     0  _printf_hex_int.o(.text)
    __printf                                 0x080004e5   Thumb Code   388  __printf_flags_ss_wp.o(.text)
    putchar                                  0x0800066d   Thumb Code     6  putchar.o(.text)
    puts                                     0x08000679   Thumb Code    40  puts.o(.text)
    __use_two_region_memory                  0x080006a5   Thumb Code     2  heapauxi.o(.text)
    __rt_heap_escrow$2region                 0x080006a7   Thumb Code     2  heapauxi.o(.text)
    __rt_heap_expand$2region                 0x080006a9   Thumb Code     2  heapauxi.o(.text)
    _printf_int_common                       0x080006ab   Thumb Code   178  _printf_intcommon.o(.text)
    _printf_fp_dec_real                      0x0800090d   Thumb Code   620  _printf_fp_dec.o(.text)
    _printf_cs_common                        0x08000b79   Thumb Code    20  _printf_char.o(.text)
    _printf_char                             0x08000b8d   Thumb Code    16  _printf_char.o(.text)
    _printf_string                           0x08000b9d   Thumb Code     8  _printf_char.o(.text)
    _printf_char_file                        0x08000ba5   Thumb Code    32  _printf_char_file.o(.text)
    _printf_lcs_common                       0x08000bc9   Thumb Code    20  _printf_wchar.o(.text)
    _printf_wchar                            0x08000bdd   Thumb Code    16  _printf_wchar.o(.text)
    _printf_wstring                          0x08000bed   Thumb Code     8  _printf_wchar.o(.text)
    _c16rtomb                                0x08000bf5   Thumb Code    72  _c16rtomb.o(.text)
    _wcrtomb                                 0x08000bf5   Thumb Code     0  _c16rtomb.o(.text)
    __rt_ctype_table                         0x08000c3d   Thumb Code    16  rt_ctype_table.o(.text)
    __rt_locale                              0x08000c4d   Thumb Code     8  rt_locale_intlibspace.o(.text)
    _ll_udiv10                               0x08000c55   Thumb Code   138  lludiv10.o(.text)
    _printf_char_common                      0x08000ceb   Thumb Code    32  _printf_char_common.o(.text)
    _printf_fp_infnan                        0x08000d11   Thumb Code   112  _printf_fp_infnan.o(.text)
    _btod_etento                             0x08000d91   Thumb Code   224  bigflt0.o(.text)
    ferror                                   0x08000e75   Thumb Code     8  ferror.o(.text)
    __user_libspace                          0x08000e7d   Thumb Code     8  libspace.o(.text)
    __user_perproc_libspace                  0x08000e7d   Thumb Code     0  libspace.o(.text)
    __user_perthread_libspace                0x08000e7d   Thumb Code     0  libspace.o(.text)
    __user_setup_stackheap                   0x08000e85   Thumb Code    74  sys_stackheap_outer.o(.text)
    exit                                     0x08000ecf   Thumb Code    18  exit.o(.text)
    strcmp                                   0x08000ee1   Thumb Code   128  strcmpv7m.o(.text)
    _sys_exit                                0x08000f61   Thumb Code     8  sys_exit.o(.text)
    __I$use$semihosting                      0x08000f6d   Thumb Code     0  use_no_semi.o(.text)
    __use_no_semihosting_swi                 0x08000f6d   Thumb Code     2  use_no_semi.o(.text)
    __semihosting_library_function           0x08000f6f   Thumb Code     0  indicate_semi.o(.text)
    CheckSum                                 0x08000f71   Thumb Code    56  sec_message.o(.text.CheckSum)
    Fsm_Receive_Message                      0x08000fa9   Thumb Code   324  sec_fsm.o(.text.Fsm_Receive_Message)
    GET_GPIO_PORT_Init                       0x080010ed   Thumb Code    60  sec_gpio.o(.text.GET_GPIO_PORT_Init)
    GPIO_Init                                0x08001129   Thumb Code   176  stm32f10x_gpio.o(.text.GPIO_Init)
    GPIO_PinRemapConfig                      0x080011d9   Thumb Code   110  stm32f10x_gpio.o(.text.GPIO_PinRemapConfig)
    GPIO_ReadInputDataBit                    0x08001249   Thumb Code    10  stm32f10x_gpio.o(.text.GPIO_ReadInputDataBit)
    GPIO_ResetBits                           0x08001255   Thumb Code     4  stm32f10x_gpio.o(.text.GPIO_ResetBits)
    GPIO_SetBits                             0x08001259   Thumb Code     4  stm32f10x_gpio.o(.text.GPIO_SetBits)
    Print_Data_Detect                        0x0800125d   Thumb Code   408  sec_ask.o(.text.Print_Data_Detect)
    RCC_APB2PeriphClockCmd                   0x080013f5   Thumb Code    24  stm32f10x_rcc.o(.text.RCC_APB2PeriphClockCmd)
    SEC_Clear_TimeOut_Fsm                    0x0800140d   Thumb Code    34  sec_fsm.o(.text.SEC_Clear_TimeOut_Fsm)
    SEC_DELAY_Init                           0x08001431   Thumb Code    46  sec_delay.o(.text.SEC_DELAY_Init)
    SEC_DELAY_ms                             0x08001461   Thumb Code    50  sec_delay.o(.text.SEC_DELAY_ms)
    SEC_Data_Port                            0x08001495   Thumb Code   132  sec_split_time.o(.text.SEC_Data_Port)
    SEC_Data_Sensor                          0x08001519   Thumb Code    46  sec_message.o(.text.SEC_Data_Sensor)
    SEC_GPIO_Init                            0x08001549   Thumb Code    18  sec_gpio.o(.text.SEC_GPIO_Init)
    SEC_GPIO_Set_OFF                         0x0800155d   Thumb Code   122  sec_gpio.o(.text.SEC_GPIO_Set_OFF)
    SEC_GPIO_Set_ON                          0x080015d9   Thumb Code   122  sec_gpio.o(.text.SEC_GPIO_Set_ON)
    SEC_Join_Port                            0x08001655   Thumb Code   132  sec_split_time.o(.text.SEC_Join_Port)
    SEC_Message_Create_Frame                 0x080016d9   Thumb Code   164  sec_message.o(.text.SEC_Message_Create_Frame)
    SEC_Message_Detect_Frame                 0x0800177d   Thumb Code   194  sec_message.o(.text.SEC_Message_Detect_Frame)
    SEC_Read_status_port                     0x08001841   Thumb Code   116  sec_split_time.o(.text.SEC_Read_status_port)
    SEC_Split_frame_time                     0x080018b5   Thumb Code   328  sec_split_time.o(.text.SEC_Split_frame_time)
    SEC_Sys_Init                             0x080019fd   Thumb Code    32  sec_sys.o(.text.SEC_Sys_Init)
    SEC_Sys_Run                              0x08001a1d   Thumb Code    44  sec_sys.o(.text.SEC_Sys_Run)
    SEC_TimeOut_Fsm                          0x08001a49   Thumb Code    56  sec_fsm.o(.text.SEC_TimeOut_Fsm)
    SEC_Uart1_SendChar                       0x08001a81   Thumb Code    20  sec_uart.o(.text.SEC_Uart1_SendChar)
    SEC_Uart2_SendByte                       0x08001a95   Thumb Code    78  sec_uart.o(.text.SEC_Uart2_SendByte)
    SEC_Uart_Init1                           0x08001ae5   Thumb Code    92  sec_uart.o(.text.SEC_Uart_Init1)
    SEC_Uart_Init2                           0x08001b41   Thumb Code   104  sec_uart.o(.text.SEC_Uart_Init2)
    SEC_create_frame_askdata                 0x08001ba9   Thumb Code    50  sec_ask.o(.text.SEC_create_frame_askdata)
    SEC_create_frame_asksensor               0x08001bdd   Thumb Code    50  sec_ask.o(.text.SEC_create_frame_asksensor)
    SET_GPIO_PORT_Init                       0x08001c11   Thumb Code    92  sec_gpio.o(.text.SET_GPIO_PORT_Init)
    SET_GPIO_PORT_RS485_Init                 0x08001c6d   Thumb Code    48  sec_uart.o(.text.SET_GPIO_PORT_RS485_Init)
    Sec_Clear_Frame_Message                  0x08001c9d   Thumb Code    20  sec_log.o(.text.Sec_Clear_Frame_Message)
    Sec_Convert_From_Bytes_To_Float          0x08001cb1   Thumb Code    14  sec_convert.o(.text.Sec_Convert_From_Bytes_To_Float)
    Sec_Convert_From_Bytes_To_Uint16         0x08001cc1   Thumb Code     6  sec_convert.o(.text.Sec_Convert_From_Bytes_To_Uint16)
    SystemInit                               0x08001d8d   Thumb Code    86  system_stm32f10x.o(.text.SystemInit)
    USART1_IRQHandler                        0x08001de5   Thumb Code    44  sec_uart.o(.text.USART1_IRQHandler)
    USART2_IRQHandler                        0x08001e11   Thumb Code    40  sec_uart.o(.text.USART2_IRQHandler)
    USART3_IRQHandler                        0x08001e39   Thumb Code    80  sec_uart.o(.text.USART3_IRQHandler)
    USART_ClearITPendingBit                  0x08001e89   Thumb Code    14  stm32f10x_usart.o(.text.USART_ClearITPendingBit)
    USART_ReceiveData                        0x08001e99   Thumb Code     8  stm32f10x_usart.o(.text.USART_ReceiveData)
    fputc                                    0x08001ec1   Thumb Code    14  sec_uart.o(.text.fputc)
    main                                     0x08001ed1   Thumb Code    10  main.o(.text.main)
    _btod_d2e                                0x08001edb   Thumb Code    62  btod.o(CL$$btod_d2e)
    _d2e_denorm_low                          0x08001f19   Thumb Code    70  btod.o(CL$$btod_d2e_denorm_low)
    _d2e_norm_op1                            0x08001f5f   Thumb Code    96  btod.o(CL$$btod_d2e_norm_op1)
    __btod_div_common                        0x08001fbf   Thumb Code   696  btod.o(CL$$btod_div_common)
    _e2e                                     0x080022f7   Thumb Code   220  btod.o(CL$$btod_e2e)
    _btod_ediv                               0x080023d3   Thumb Code    42  btod.o(CL$$btod_ediv)
    _btod_emul                               0x080023fd   Thumb Code    42  btod.o(CL$$btod_emul)
    __btod_mult_common                       0x08002427   Thumb Code   580  btod.o(CL$$btod_mult_common)
    __ARM_fpclassify                         0x0800266b   Thumb Code    40  fpclassify.o(i.__ARM_fpclassify)
    _is_digit                                0x08002693   Thumb Code    14  __printf_wp.o(i._is_digit)
    _get_lc_numeric                          0x080026a1   Thumb Code    44  lc_numeric_c.o(locale$$code)
    _get_lc_ctype                            0x080026cd   Thumb Code    44  lc_ctype_c.o(locale$$code)
    __fpl_dretinf                            0x080026f9   Thumb Code    12  dretinf.o(x$fpl$dretinf)
    __aeabi_f2d                              0x08002705   Thumb Code     0  f2d.o(x$fpl$f2d)
    _f2d                                     0x08002705   Thumb Code    86  f2d.o(x$fpl$f2d)
    __fpl_fnaninf                            0x0800275b   Thumb Code   140  fnaninf.o(x$fpl$fnaninf)
    _printf_fp_dec                           0x080027e7   Thumb Code     4  printf1.o(x$fpl$printf1)
    __I$use$fp                               0x080027ea   Number         0  usenofp.o(x$fpl$usenofp)
    Region$$Table$$Base                      0x080028f4   Number         0  anon$$obj.o(Region$$Table)
    Region$$Table$$Limit                     0x08002914   Number         0  anon$$obj.o(Region$$Table)
    __ctype                                  0x0800293d   Data           0  lc_ctype_c.o(locale$$data)
    SystemCoreClock                          0x20000000   Data           4  system_stm32f10x.o(.data.SystemCoreClock)
    arr_port                                 0x20000004   Data          48  sec_split_time.o(.data.arr_port)
    status_time                              0x20000035   Data           1  sec_split_time.o(.data.status_time)
    __libspace_start                         0x20000038   Data          96  libspace.o(.bss)
    Array1_Receive                           0x20000098   Data          50  sec_uart.o(.bss.Array1_Receive)
    __temporary_stack_top$libspace           0x20000098   Data           0  libspace.o(.bss)
    Array3_Receive                           0x200000ca   Data          50  sec_uart.o(.bss.Array3_Receive)
    Count1_Data                              0x200000fc   Data           1  sec_uart.o(.bss.Count1_Data)
    Count3_Data                              0x200000fd   Data           1  sec_uart.o(.bss.Count3_Data)
    Flag3_Receive                            0x200000fe   Data           1  sec_uart.o(.bss.Flag3_Receive)
    __stdout                                 0x20000104   Data          84  sec_uart.o(.bss.__stdout)
    count_time                               0x20000176   Data           2  sec_sys.o(.bss.count_time)
    data_in                                  0x2000017a   Data          24  sec_fsm.o(.bss.data_in)
    frame_detect                             0x200001a0   Data          24  sec_split_time.o(.bss.frame_detect)
    fsm_state                                0x200001b8   Data           1  sec_fsm.o(.bss.fsm_state)
    sec_vrAll_fsm_t                          0x200001b9   Data          35  sec_fsm.o(.bss.sec_vrAll_fsm_t)



==============================================================================

Memory Map of the image

  Image Entry point : 0x080000ed

  Load Region LR_IROM1 (Base: 0x08000000, Size: 0x00002a78, Max: 0x00010000, ABSOLUTE)

    Execution Region ER_IROM1 (Exec base: 0x08000000, Load base: 0x08000000, Size: 0x00002a40, Max: 0x00010000, ABSOLUTE)

    Exec Addr    Load Addr    Size         Type   Attr      Idx    E Section Name        Object

    0x08000000   0x08000000   0x000000ec   Data   RO          654    RESET               startup_stm32f10x_md.o
    0x080000ec   0x080000ec   0x00000008   Code   RO          766  * !!!main             c_w.l(__main.o)
    0x080000f4   0x080000f4   0x00000034   Code   RO         1134    !!!scatter          c_w.l(__scatter.o)
    0x08000128   0x08000128   0x0000001a   Code   RO         1136    !!handler_copy      c_w.l(__scatter_copy.o)
    0x08000142   0x08000142   0x00000002   PAD
    0x08000144   0x08000144   0x0000001c   Code   RO         1138    !!handler_zi        c_w.l(__scatter_zi.o)
    0x08000160   0x08000160   0x00000000   Code   RO          754    .ARM.Collect$$_printf_percent$$00000000  c_w.l(_printf_percent.o)
    0x08000160   0x08000160   0x00000006   Code   RO          753    .ARM.Collect$$_printf_percent$$00000003  c_w.l(_printf_f.o)
    0x08000166   0x08000166   0x00000006   Code   RO          750    .ARM.Collect$$_printf_percent$$00000008  c_w.l(_printf_i.o)
    0x0800016c   0x0800016c   0x00000006   Code   RO          751    .ARM.Collect$$_printf_percent$$00000009  c_w.l(_printf_d.o)
    0x08000172   0x08000172   0x00000006   Code   RO          752    .ARM.Collect$$_printf_percent$$0000000A  c_w.l(_printf_u.o)
    0x08000178   0x08000178   0x00000006   Code   RO          749    .ARM.Collect$$_printf_percent$$0000000B  c_w.l(_printf_o.o)
    0x0800017e   0x0800017e   0x00000006   Code   RO          748    .ARM.Collect$$_printf_percent$$0000000C  c_w.l(_printf_x.o)
    0x08000184   0x08000184   0x0000000a   Code   RO          838    .ARM.Collect$$_printf_percent$$00000012  c_w.l(_printf_l.o)
    0x0800018e   0x0800018e   0x00000006   Code   RO          746    .ARM.Collect$$_printf_percent$$00000013  c_w.l(_printf_c.o)
    0x08000194   0x08000194   0x00000006   Code   RO          747    .ARM.Collect$$_printf_percent$$00000014  c_w.l(_printf_s.o)
    0x0800019a   0x0800019a   0x00000006   Code   RO          755    .ARM.Collect$$_printf_percent$$00000015  c_w.l(_printf_lc.o)
    0x080001a0   0x080001a0   0x00000004   Code   RO          837    .ARM.Collect$$_printf_percent$$00000017  c_w.l(_printf_percent_end.o)
    0x080001a4   0x080001a4   0x00000002   Code   RO          993    .ARM.Collect$$libinit$$00000000  c_w.l(libinit.o)
    0x080001a6   0x080001a6   0x00000000   Code   RO          995    .ARM.Collect$$libinit$$00000002  c_w.l(libinit2.o)
    0x080001a6   0x080001a6   0x00000000   Code   RO          997    .ARM.Collect$$libinit$$00000004  c_w.l(libinit2.o)
    0x080001a6   0x080001a6   0x00000000   Code   RO         1000    .ARM.Collect$$libinit$$0000000A  c_w.l(libinit2.o)
    0x080001a6   0x080001a6   0x00000000   Code   RO         1002    .ARM.Collect$$libinit$$0000000C  c_w.l(libinit2.o)
    0x080001a6   0x080001a6   0x00000000   Code   RO         1004    .ARM.Collect$$libinit$$0000000E  c_w.l(libinit2.o)
    0x080001a6   0x080001a6   0x00000006   Code   RO         1005    .ARM.Collect$$libinit$$0000000F  c_w.l(libinit2.o)
    0x080001ac   0x080001ac   0x00000000   Code   RO         1007    .ARM.Collect$$libinit$$00000011  c_w.l(libinit2.o)
    0x080001ac   0x080001ac   0x0000000c   Code   RO         1008    .ARM.Collect$$libinit$$00000012  c_w.l(libinit2.o)
    0x080001b8   0x080001b8   0x00000000   Code   RO         1009    .ARM.Collect$$libinit$$00000013  c_w.l(libinit2.o)
    0x080001b8   0x080001b8   0x00000000   Code   RO         1011    .ARM.Collect$$libinit$$00000015  c_w.l(libinit2.o)
    0x080001b8   0x080001b8   0x0000000a   Code   RO         1012    .ARM.Collect$$libinit$$00000016  c_w.l(libinit2.o)
    0x080001c2   0x080001c2   0x00000000   Code   RO         1013    .ARM.Collect$$libinit$$00000017  c_w.l(libinit2.o)
    0x080001c2   0x080001c2   0x00000000   Code   RO         1015    .ARM.Collect$$libinit$$00000019  c_w.l(libinit2.o)
    0x080001c2   0x080001c2   0x00000000   Code   RO         1017    .ARM.Collect$$libinit$$0000001B  c_w.l(libinit2.o)
    0x080001c2   0x080001c2   0x00000000   Code   RO         1019    .ARM.Collect$$libinit$$0000001D  c_w.l(libinit2.o)
    0x080001c2   0x080001c2   0x00000000   Code   RO         1021    .ARM.Collect$$libinit$$0000001F  c_w.l(libinit2.o)
    0x080001c2   0x080001c2   0x00000000   Code   RO         1023    .ARM.Collect$$libinit$$00000021  c_w.l(libinit2.o)
    0x080001c2   0x080001c2   0x00000000   Code   RO         1025    .ARM.Collect$$libinit$$00000023  c_w.l(libinit2.o)
    0x080001c2   0x080001c2   0x00000000   Code   RO         1027    .ARM.Collect$$libinit$$00000025  c_w.l(libinit2.o)
    0x080001c2   0x080001c2   0x00000000   Code   RO         1031    .ARM.Collect$$libinit$$0000002C  c_w.l(libinit2.o)
    0x080001c2   0x080001c2   0x00000000   Code   RO         1033    .ARM.Collect$$libinit$$0000002E  c_w.l(libinit2.o)
    0x080001c2   0x080001c2   0x00000000   Code   RO         1035    .ARM.Collect$$libinit$$00000030  c_w.l(libinit2.o)
    0x080001c2   0x080001c2   0x00000000   Code   RO         1037    .ARM.Collect$$libinit$$00000032  c_w.l(libinit2.o)
    0x080001c2   0x080001c2   0x00000002   Code   RO         1038    .ARM.Collect$$libinit$$00000033  c_w.l(libinit2.o)
    0x080001c4   0x080001c4   0x00000002   Code   RO         1080    .ARM.Collect$$libshutdown$$00000000  c_w.l(libshutdown.o)
    0x080001c6   0x080001c6   0x00000000   Code   RO         1091    .ARM.Collect$$libshutdown$$00000002  c_w.l(libshutdown2.o)
    0x080001c6   0x080001c6   0x00000000   Code   RO         1093    .ARM.Collect$$libshutdown$$00000004  c_w.l(libshutdown2.o)
    0x080001c6   0x080001c6   0x00000000   Code   RO         1096    .ARM.Collect$$libshutdown$$00000007  c_w.l(libshutdown2.o)
    0x080001c6   0x080001c6   0x00000000   Code   RO         1099    .ARM.Collect$$libshutdown$$0000000A  c_w.l(libshutdown2.o)
    0x080001c6   0x080001c6   0x00000000   Code   RO         1101    .ARM.Collect$$libshutdown$$0000000C  c_w.l(libshutdown2.o)
    0x080001c6   0x080001c6   0x00000000   Code   RO         1104    .ARM.Collect$$libshutdown$$0000000F  c_w.l(libshutdown2.o)
    0x080001c6   0x080001c6   0x00000002   Code   RO         1105    .ARM.Collect$$libshutdown$$00000010  c_w.l(libshutdown2.o)
    0x080001c8   0x080001c8   0x00000000   Code   RO          822    .ARM.Collect$$rtentry$$00000000  c_w.l(__rtentry.o)
    0x080001c8   0x080001c8   0x00000000   Code   RO          894    .ARM.Collect$$rtentry$$00000002  c_w.l(__rtentry2.o)
    0x080001c8   0x080001c8   0x00000006   Code   RO          906    .ARM.Collect$$rtentry$$00000004  c_w.l(__rtentry4.o)
    0x080001ce   0x080001ce   0x00000000   Code   RO          896    .ARM.Collect$$rtentry$$00000009  c_w.l(__rtentry2.o)
    0x080001ce   0x080001ce   0x00000004   Code   RO          897    .ARM.Collect$$rtentry$$0000000A  c_w.l(__rtentry2.o)
    0x080001d2   0x080001d2   0x00000000   Code   RO          899    .ARM.Collect$$rtentry$$0000000C  c_w.l(__rtentry2.o)
    0x080001d2   0x080001d2   0x00000008   Code   RO          900    .ARM.Collect$$rtentry$$0000000D  c_w.l(__rtentry2.o)
    0x080001da   0x080001da   0x00000002   Code   RO         1043    .ARM.Collect$$rtexit$$00000000  c_w.l(rtexit.o)
    0x080001dc   0x080001dc   0x00000000   Code   RO         1054    .ARM.Collect$$rtexit$$00000002  c_w.l(rtexit2.o)
    0x080001dc   0x080001dc   0x00000004   Code   RO         1055    .ARM.Collect$$rtexit$$00000003  c_w.l(rtexit2.o)
    0x080001e0   0x080001e0   0x00000006   Code   RO         1056    .ARM.Collect$$rtexit$$00000004  c_w.l(rtexit2.o)
    0x080001e6   0x080001e6   0x00000002   PAD
    0x080001e8   0x080001e8   0x00000040   Code   RO          655    .text               startup_stm32f10x_md.o
    0x08000228   0x08000228   0x00000018   Code   RO          684    .text               c_w.l(noretval__2printf.o)
    0x08000240   0x08000240   0x0000004e   Code   RO          688    .text               c_w.l(_printf_pad.o)
    0x0800028e   0x0800028e   0x00000024   Code   RO          690    .text               c_w.l(_printf_truncate.o)
    0x080002b2   0x080002b2   0x00000052   Code   RO          692    .text               c_w.l(_printf_str.o)
    0x08000304   0x08000304   0x00000078   Code   RO          694    .text               c_w.l(_printf_dec.o)
    0x0800037c   0x0800037c   0x000000bc   Code   RO          696    .text               c_w.l(_printf_wctomb.o)
    0x08000438   0x08000438   0x00000054   Code   RO          701    .text               c_w.l(_printf_oct_int.o)
    0x0800048c   0x0800048c   0x00000058   Code   RO          708    .text               c_w.l(_printf_hex_int.o)
    0x080004e4   0x080004e4   0x00000188   Code   RO          743    .text               c_w.l(__printf_flags_ss_wp.o)
    0x0800066c   0x0800066c   0x0000000c   Code   RO          756    .text               c_w.l(putchar.o)
    0x08000678   0x08000678   0x0000002c   Code   RO          758    .text               c_w.l(puts.o)
    0x080006a4   0x080006a4   0x00000006   Code   RO          764    .text               c_w.l(heapauxi.o)
    0x080006aa   0x080006aa   0x000000b2   Code   RO          825    .text               c_w.l(_printf_intcommon.o)
    0x0800075c   0x0800075c   0x0000041c   Code   RO          827    .text               c_w.l(_printf_fp_dec.o)
    0x08000b78   0x08000b78   0x0000002c   Code   RO          831    .text               c_w.l(_printf_char.o)
    0x08000ba4   0x08000ba4   0x00000024   Code   RO          833    .text               c_w.l(_printf_char_file.o)
    0x08000bc8   0x08000bc8   0x0000002c   Code   RO          835    .text               c_w.l(_printf_wchar.o)
    0x08000bf4   0x08000bf4   0x00000048   Code   RO          839    .text               c_w.l(_c16rtomb.o)
    0x08000c3c   0x08000c3c   0x00000010   Code   RO          908    .text               c_w.l(rt_ctype_table.o)
    0x08000c4c   0x08000c4c   0x00000008   Code   RO          913    .text               c_w.l(rt_locale_intlibspace.o)
    0x08000c54   0x08000c54   0x0000008a   Code   RO          920    .text               c_w.l(lludiv10.o)
    0x08000cde   0x08000cde   0x00000002   PAD
    0x08000ce0   0x08000ce0   0x00000030   Code   RO          922    .text               c_w.l(_printf_char_common.o)
    0x08000d10   0x08000d10   0x00000080   Code   RO          924    .text               c_w.l(_printf_fp_infnan.o)
    0x08000d90   0x08000d90   0x000000e4   Code   RO          926    .text               c_w.l(bigflt0.o)
    0x08000e74   0x08000e74   0x00000008   Code   RO          953    .text               c_w.l(ferror.o)
    0x08000e7c   0x08000e7c   0x00000008   Code   RO          972    .text               c_w.l(libspace.o)
    0x08000e84   0x08000e84   0x0000004a   Code   RO          975    .text               c_w.l(sys_stackheap_outer.o)
    0x08000ece   0x08000ece   0x00000012   Code   RO          984    .text               c_w.l(exit.o)
    0x08000ee0   0x08000ee0   0x00000080   Code   RO          986    .text               c_w.l(strcmpv7m.o)
    0x08000f60   0x08000f60   0x0000000c   Code   RO         1066    .text               c_w.l(sys_exit.o)
    0x08000f6c   0x08000f6c   0x00000002   Code   RO         1081    .text               c_w.l(use_no_semi.o)
    0x08000f6e   0x08000f6e   0x00000000   Code   RO         1083    .text               c_w.l(indicate_semi.o)
    0x08000f6e   0x08000f6e   0x00000002   PAD
    0x08000f70   0x08000f70   0x00000038   Code   RO          128    .text.CheckSum      sec_message.o
    0x08000fa8   0x08000fa8   0x00000144   Code   RO           89    .text.Fsm_Receive_Message  sec_fsm.o
    0x080010ec   0x080010ec   0x0000003c   Code   RO          109    .text.GET_GPIO_PORT_Init  sec_gpio.o
    0x08001128   0x08001128   0x000000b0   Code   RO          279    .text.GPIO_Init     stm32f10x_gpio.o
    0x080011d8   0x080011d8   0x0000006e   Code   RO          305    .text.GPIO_PinRemapConfig  stm32f10x_gpio.o
    0x08001246   0x08001246   0x00000002   PAD
    0x08001248   0x08001248   0x0000000a   Code   RO          283    .text.GPIO_ReadInputDataBit  stm32f10x_gpio.o
    0x08001252   0x08001252   0x00000002   PAD
    0x08001254   0x08001254   0x00000004   Code   RO          293    .text.GPIO_ResetBits  stm32f10x_gpio.o
    0x08001258   0x08001258   0x00000004   Code   RO          291    .text.GPIO_SetBits  stm32f10x_gpio.o
    0x0800125c   0x0800125c   0x00000198   Code   RO           18    .text.Print_Data_Detect  sec_ask.o
    0x080013f4   0x080013f4   0x00000018   Code   RO          364    .text.RCC_APB2PeriphClockCmd  stm32f10x_rcc.o
    0x0800140c   0x0800140c   0x00000022   Code   RO           87    .text.SEC_Clear_TimeOut_Fsm  sec_fsm.o
    0x0800142e   0x0800142e   0x00000002   PAD
    0x08001430   0x08001430   0x0000002e   Code   RO           68    .text.SEC_DELAY_Init  sec_delay.o
    0x0800145e   0x0800145e   0x00000002   PAD
    0x08001460   0x08001460   0x00000032   Code   RO           70    .text.SEC_DELAY_ms  sec_delay.o
    0x08001492   0x08001492   0x00000002   PAD
    0x08001494   0x08001494   0x00000084   Code   RO          236    .text.SEC_Data_Port  sec_split_time.o
    0x08001518   0x08001518   0x0000002e   Code   RO          132    .text.SEC_Data_Sensor  sec_message.o
    0x08001546   0x08001546   0x00000002   PAD
    0x08001548   0x08001548   0x00000012   Code   RO          105    .text.SEC_GPIO_Init  sec_gpio.o
    0x0800155a   0x0800155a   0x00000002   PAD
    0x0800155c   0x0800155c   0x0000007a   Code   RO          115    .text.SEC_GPIO_Set_OFF  sec_gpio.o
    0x080015d6   0x080015d6   0x00000002   PAD
    0x080015d8   0x080015d8   0x0000007a   Code   RO          113    .text.SEC_GPIO_Set_ON  sec_gpio.o
    0x08001652   0x08001652   0x00000002   PAD
    0x08001654   0x08001654   0x00000084   Code   RO          234    .text.SEC_Join_Port  sec_split_time.o
    0x080016d8   0x080016d8   0x000000a4   Code   RO          126    .text.SEC_Message_Create_Frame  sec_message.o
    0x0800177c   0x0800177c   0x000000c2   Code   RO          130    .text.SEC_Message_Detect_Frame  sec_message.o
    0x0800183e   0x0800183e   0x00000002   PAD
    0x08001840   0x08001840   0x00000074   Code   RO          232    .text.SEC_Read_status_port  sec_split_time.o
    0x080018b4   0x080018b4   0x00000148   Code   RO          230    .text.SEC_Split_frame_time  sec_split_time.o
    0x080019fc   0x080019fc   0x00000020   Code   RO          143    .text.SEC_Sys_Init  sec_sys.o
    0x08001a1c   0x08001a1c   0x0000002c   Code   RO          145    .text.SEC_Sys_Run   sec_sys.o
    0x08001a48   0x08001a48   0x00000038   Code   RO           85    .text.SEC_TimeOut_Fsm  sec_fsm.o
    0x08001a80   0x08001a80   0x00000014   Code   RO          158    .text.SEC_Uart1_SendChar  sec_uart.o
    0x08001a94   0x08001a94   0x0000004e   Code   RO          178    .text.SEC_Uart2_SendByte  sec_uart.o
    0x08001ae2   0x08001ae2   0x00000002   PAD
    0x08001ae4   0x08001ae4   0x0000005c   Code   RO          162    .text.SEC_Uart_Init1  sec_uart.o
    0x08001b40   0x08001b40   0x00000068   Code   RO          164    .text.SEC_Uart_Init2  sec_uart.o
    0x08001ba8   0x08001ba8   0x00000032   Code   RO           14    .text.SEC_create_frame_askdata  sec_ask.o
    0x08001bda   0x08001bda   0x00000002   PAD
    0x08001bdc   0x08001bdc   0x00000032   Code   RO           12    .text.SEC_create_frame_asksensor  sec_ask.o
    0x08001c0e   0x08001c0e   0x00000002   PAD
    0x08001c10   0x08001c10   0x0000005c   Code   RO          107    .text.SET_GPIO_PORT_Init  sec_gpio.o
    0x08001c6c   0x08001c6c   0x00000030   Code   RO          192    .text.SET_GPIO_PORT_RS485_Init  sec_uart.o
    0x08001c9c   0x08001c9c   0x00000014   Code   RO          217    .text.Sec_Clear_Frame_Message  sec_log.o
    0x08001cb0   0x08001cb0   0x0000000e   Code   RO           32    .text.Sec_Convert_From_Bytes_To_Float  sec_convert.o
    0x08001cbe   0x08001cbe   0x00000002   PAD
    0x08001cc0   0x08001cc0   0x00000006   Code   RO           40    .text.Sec_Convert_From_Bytes_To_Uint16  sec_convert.o
    0x08001cc6   0x08001cc6   0x00000002   PAD
    0x08001cc8   0x08001cc8   0x00000004   Code   RO          664    .text.SetSysClock   system_stm32f10x.o
    0x08001ccc   0x08001ccc   0x000000be   Code   RO          668    .text.SetSysClockTo72  system_stm32f10x.o
    0x08001d8a   0x08001d8a   0x00000002   PAD
    0x08001d8c   0x08001d8c   0x00000056   Code   RO          662    .text.SystemInit    system_stm32f10x.o
    0x08001de2   0x08001de2   0x00000002   PAD
    0x08001de4   0x08001de4   0x0000002c   Code   RO          186    .text.USART1_IRQHandler  sec_uart.o
    0x08001e10   0x08001e10   0x00000028   Code   RO          188    .text.USART2_IRQHandler  sec_uart.o
    0x08001e38   0x08001e38   0x00000050   Code   RO          190    .text.USART3_IRQHandler  sec_uart.o
    0x08001e88   0x08001e88   0x0000000e   Code   RO          642    .text.USART_ClearITPendingBit  stm32f10x_usart.o
    0x08001e96   0x08001e96   0x00000002   PAD
    0x08001e98   0x08001e98   0x00000008   Code   RO          614    .text.USART_ReceiveData  stm32f10x_usart.o
    0x08001ea0   0x08001ea0   0x00000020   Code   RO          168    .text.__NVIC_EnableIRQ  sec_uart.o
    0x08001ec0   0x08001ec0   0x0000000e   Code   RO          156    .text.fputc         sec_uart.o
    0x08001ece   0x08001ece   0x00000002   PAD
    0x08001ed0   0x08001ed0   0x0000000a   Code   RO            2    .text.main          main.o
    0x08001eda   0x08001eda   0x0000003e   Code   RO          929    CL$$btod_d2e        c_w.l(btod.o)
    0x08001f18   0x08001f18   0x00000046   Code   RO          931    CL$$btod_d2e_denorm_low  c_w.l(btod.o)
    0x08001f5e   0x08001f5e   0x00000060   Code   RO          930    CL$$btod_d2e_norm_op1  c_w.l(btod.o)
    0x08001fbe   0x08001fbe   0x00000338   Code   RO          939    CL$$btod_div_common  c_w.l(btod.o)
    0x080022f6   0x080022f6   0x000000dc   Code   RO          936    CL$$btod_e2e        c_w.l(btod.o)
    0x080023d2   0x080023d2   0x0000002a   Code   RO          933    CL$$btod_ediv       c_w.l(btod.o)
    0x080023fc   0x080023fc   0x0000002a   Code   RO          932    CL$$btod_emul       c_w.l(btod.o)
    0x08002426   0x08002426   0x00000244   Code   RO          938    CL$$btod_mult_common  c_w.l(btod.o)
    0x0800266a   0x0800266a   0x00000028   Code   RO          880    i.__ARM_fpclassify  m_ws.l(fpclassify.o)
    0x08002692   0x08002692   0x0000000e   Code   RO          736    i._is_digit         c_w.l(__printf_wp.o)
    0x080026a0   0x080026a0   0x0000002c   Code   RO          958    locale$$code        c_w.l(lc_numeric_c.o)
    0x080026cc   0x080026cc   0x0000002c   Code   RO          982    locale$$code        c_w.l(lc_ctype_c.o)
    0x080026f8   0x080026f8   0x0000000c   Code   RO          849    x$fpl$dretinf       fz_ws.l(dretinf.o)
    0x08002704   0x08002704   0x00000056   Code   RO          784    x$fpl$f2d           fz_ws.l(f2d.o)
    0x0800275a   0x0800275a   0x0000008c   Code   RO          859    x$fpl$fnaninf       fz_ws.l(fnaninf.o)
    0x080027e6   0x080027e6   0x00000004   Code   RO          810    x$fpl$printf1       fz_ws.l(printf1.o)
    0x080027ea   0x080027ea   0x00000000   Code   RO          865    x$fpl$usenofp       fz_ws.l(usenofp.o)
    0x080027ea   0x080027ea   0x00000002   PAD
    0x080027ec   0x080027ec   0x00000008   Data   RO          697    .constdata          c_w.l(_printf_wctomb.o)
    0x080027f4   0x080027f4   0x00000028   Data   RO          709    .constdata          c_w.l(_printf_hex_int.o)
    0x0800281c   0x0800281c   0x00000011   Data   RO          744    .constdata          c_w.l(__printf_flags_ss_wp.o)
    0x0800282d   0x0800282d   0x00000003   PAD
    0x08002830   0x08002830   0x00000094   Data   RO          927    .constdata          c_w.l(bigflt0.o)
    0x080028c4   0x080028c4   0x00000030   Data   RO           20    .rodata.str1.1      sec_ask.o
    0x080028f4   0x080028f4   0x00000020   Data   RO         1133    Region$$Table       anon$$obj.o
    0x08002914   0x08002914   0x0000001c   Data   RO          957    locale$$data        c_w.l(lc_numeric_c.o)
    0x08002930   0x08002930   0x00000110   Data   RO          981    locale$$data        c_w.l(lc_ctype_c.o)


    Execution Region RW_IRAM1 (Exec base: 0x20000000, Load base: 0x08002a40, Size: 0x000007e0, Max: 0x00005000, ABSOLUTE)

    Exec Addr    Load Addr    Size         Type   Attr      Idx    E Section Name        Object

    0x20000000   0x08002a40   0x00000004   Data   RW          670    .data.SystemCoreClock  system_stm32f10x.o
    0x20000004   0x08002a44   0x00000030   Data   RW          239    .data.arr_port      sec_split_time.o
    0x20000034   0x08002a74   0x00000001   Data   RW          240    .data.count_port    sec_split_time.o
    0x20000035   0x08002a75   0x00000001   Data   RW          238    .data.status_time   sec_split_time.o
    0x20000036   0x08002a76   0x00000002   PAD
    0x20000038        -       0x00000060   Zero   RW          973    .bss                c_w.l(libspace.o)
    0x20000098        -       0x00000032   Zero   RW          201    .bss.Array1_Receive  sec_uart.o
    0x200000ca        -       0x00000032   Zero   RW          202    .bss.Array3_Receive  sec_uart.o
    0x200000fc        -       0x00000001   Zero   RW          195    .bss.Count1_Data    sec_uart.o
    0x200000fd        -       0x00000001   Zero   RW          199    .bss.Count3_Data    sec_uart.o
    0x200000fe        -       0x00000001   Zero   RW          198    .bss.Flag3_Receive  sec_uart.o
    0x200000ff        -       0x00000001   Zero   RW           92    .bss.Flag_TimeOut_Fsm  sec_fsm.o
    0x20000100        -       0x00000002   Zero   RW           93    .bss.TimeOut_Fsm    sec_fsm.o
    0x20000102   0x08002a76   0x00000002   PAD
    0x20000104        -       0x00000054   Zero   RW          203    .bss.__stdout       sec_uart.o
    0x20000158        -       0x0000000a   Zero   RW          242    .bss.arr_status_new  sec_split_time.o
    0x20000162        -       0x0000000a   Zero   RW          243    .bss.arr_status_old  sec_split_time.o
    0x2000016c        -       0x0000000a   Zero   RW          244    .bss.arr_status_standard  sec_split_time.o
    0x20000176        -       0x00000002   Zero   RW          147    .bss.count_time     sec_sys.o
    0x20000178        -       0x00000001   Zero   RW          245    .bss.count_timeout  sec_split_time.o
    0x20000179   0x08002a76   0x00000001   PAD
    0x2000017a        -       0x00000018   Zero   RW           95    .bss.data_in        sec_fsm.o
    0x20000192        -       0x00000002   Zero   RW           75    .bss.fac_ms         sec_delay.o
    0x20000194        -       0x00000001   Zero   RW           74    .bss.fac_us         sec_delay.o
    0x20000195        -       0x0000000a   Zero   RW          241    .bss.flag_change_status  sec_split_time.o
    0x2000019f   0x08002a76   0x00000001   PAD
    0x200001a0        -       0x00000018   Zero   RW          246    .bss.frame_detect   sec_split_time.o
    0x200001b8        -       0x00000001   Zero   RW           91    .bss.fsm_state      sec_fsm.o
    0x200001b9        -       0x00000023   Zero   RW           94    .bss.sec_vrAll_fsm_t  sec_fsm.o
    0x200001dc   0x08002a76   0x00000004   PAD
    0x200001e0        -       0x00000200   Zero   RW          653    HEAP                startup_stm32f10x_md.o
    0x200003e0        -       0x00000400   Zero   RW          652    STACK               startup_stm32f10x_md.o


==============================================================================

Image component sizes


      Code (inc. data)   RO Data    RW Data    ZI Data      Debug   Object Name

        10          0          0          0          0        363   main.o
       508        114         48          0          0       2498   sec_ask.o
        20          0          0          0          0       5127   sec_convert.o
        96          0          0          0          3       1527   sec_delay.o
       414         10          0          0         63       2342   sec_fsm.o
       414         12          0          0          0       2464   sec_gpio.o
        20          0          0          0          0       1547   sec_log.o
       460         26          0          0          0       2906   sec_message.o
       708         98          0         50         65       2617   sec_split_time.o
        76          0          0          0          2        644   sec_sys.o
       552          0          0          0        187       7317   sec_uart.o
        64         26        236          0       1536        840   startup_stm32f10x_md.o
       304          0          0          0          0       5718   stm32f10x_gpio.o
        24          0          0          0          0       7387   stm32f10x_rcc.o
        22          0          0          0          0       7664   stm32f10x_usart.o
       280          0          0          4          0       2786   system_stm32f10x.o

    ----------------------------------------------------------------------
      4010        286        316         56       1864      53747   Object Totals
         0          0         32          0          0          0   (incl. Generated)
        38          0          0          2          8          0   (incl. Padding)

    ----------------------------------------------------------------------

      Code (inc. data)   RO Data    RW Data    ZI Data      Debug   Library Member Name

         8          0          0          0          0         68   __main.o
       392          4         17          0          0         92   __printf_flags_ss_wp.o
        14          0          0          0          0         68   __printf_wp.o
         0          0          0          0          0          0   __rtentry.o
        12          0          0          0          0          0   __rtentry2.o
         6          0          0          0          0          0   __rtentry4.o
        52          8          0          0          0          0   __scatter.o
        26          0          0          0          0          0   __scatter_copy.o
        28          0          0          0          0          0   __scatter_zi.o
        72          0          0          0          0         96   _c16rtomb.o
         6          0          0          0          0          0   _printf_c.o
        44          0          0          0          0        108   _printf_char.o
        48          6          0          0          0         96   _printf_char_common.o
        36          4          0          0          0         80   _printf_char_file.o
         6          0          0          0          0          0   _printf_d.o
       120         16          0          0          0         92   _printf_dec.o
         6          0          0          0          0          0   _printf_f.o
      1052          0          0          0          0        148   _printf_fp_dec.o
       128         16          0          0          0         84   _printf_fp_infnan.o
        88          4         40          0          0         88   _printf_hex_int.o
         6          0          0          0          0          0   _printf_i.o
       178          0          0          0          0         88   _printf_intcommon.o
        10          0          0          0          0          0   _printf_l.o
         6          0          0          0          0          0   _printf_lc.o
         6          0          0          0          0          0   _printf_o.o
        84         10          0          0          0         88   _printf_oct_int.o
        78          0          0          0          0        108   _printf_pad.o
         0          0          0          0          0          0   _printf_percent.o
         4          0          0          0          0          0   _printf_percent_end.o
         6          0          0          0          0          0   _printf_s.o
        82          0          0          0          0         80   _printf_str.o
        36          0          0          0          0         84   _printf_truncate.o
         6          0          0          0          0          0   _printf_u.o
        44          0          0          0          0        108   _printf_wchar.o
       188          6          8          0          0         92   _printf_wctomb.o
         6          0          0          0          0          0   _printf_x.o
       228          4        148          0          0         96   bigflt0.o
      1936        128          0          0          0        672   btod.o
        18          0          0          0          0         80   exit.o
         8          0          0          0          0         68   ferror.o
         6          0          0          0          0        152   heapauxi.o
         0          0          0          0          0          0   indicate_semi.o
        44         10        272          0          0         76   lc_ctype_c.o
        44         10         28          0          0         76   lc_numeric_c.o
         2          0          0          0          0          0   libinit.o
        30          0          0          0          0          0   libinit2.o
         2          0          0          0          0          0   libshutdown.o
         2          0          0          0          0          0   libshutdown2.o
         8          4          0          0         96         68   libspace.o
       138          0          0          0          0         80   lludiv10.o
        24          4          0          0          0         84   noretval__2printf.o
        12          6          0          0          0         68   putchar.o
        44          4          0          0          0         84   puts.o
        16          4          0          0          0         76   rt_ctype_table.o
         8          4          0          0          0         68   rt_locale_intlibspace.o
         2          0          0          0          0          0   rtexit.o
        10          0          0          0          0          0   rtexit2.o
       128          0          0          0          0         68   strcmpv7m.o
        12          4          0          0          0         68   sys_exit.o
        74          0          0          0          0         80   sys_stackheap_outer.o
         2          0          0          0          0         68   use_no_semi.o
        12          0          0          0          0         68   dretinf.o
        86          4          0          0          0         84   f2d.o
       140          4          0          0          0         84   fnaninf.o
         4          0          0          0          0         68   printf1.o
         0          0          0          0          0          0   usenofp.o
        40          0          0          0          0         68   fpclassify.o

    ----------------------------------------------------------------------
      5974        264        516          0         96       4072   Library Totals
        10          0          3          0          0          0   (incl. Padding)

    ----------------------------------------------------------------------

      Code (inc. data)   RO Data    RW Data    ZI Data      Debug   Library Name

      5682        256        513          0         96       3700   c_w.l
       242          8          0          0          0        304   fz_ws.l
        40          0          0          0          0         68   m_ws.l

    ----------------------------------------------------------------------
      5974        264        516          0         96       4072   Library Totals

    ----------------------------------------------------------------------

==============================================================================


      Code (inc. data)   RO Data    RW Data    ZI Data      Debug   

      9984        550        832         56       1960      55355   Grand Totals
      9984        550        832         56       1960      55355   ELF Image Totals
      9984        550        832         56          0          0   ROM Totals

==============================================================================

    Total RO  Size (Code + RO Data)                10816 (  10.56kB)
    Total RW  Size (RW Data + ZI Data)              2016 (   1.97kB)
    Total ROM Size (Code + RO Data + RW Data)      10872 (  10.62kB)

==============================================================================

